Component: ARM Compiler 5.06 update 6 (build 750) Tool: armlink [4d35ed]

==============================================================================

Section Cross References

    startup_stm32h743xx.o(STACK) refers (Special) to heapauxi.o(.text) for __use_two_region_memory
    startup_stm32h743xx.o(HEAP) refers (Special) to heapauxi.o(.text) for __use_two_region_memory
    startup_stm32h743xx.o(RESET) refers (Special) to heapauxi.o(.text) for __use_two_region_memory
    startup_stm32h743xx.o(RESET) refers to startup_stm32h743xx.o(STACK) for __initial_sp
    startup_stm32h743xx.o(RESET) refers to startup_stm32h743xx.o(.text) for Reset_Handler
    startup_stm32h743xx.o(RESET) refers to stm32h7xx_it.o(i.NMI_Handler) for NMI_Handler
    startup_stm32h743xx.o(RESET) refers to stm32h7xx_it.o(i.HardFault_Handler) for HardFault_Handler
    startup_stm32h743xx.o(RESET) refers to stm32h7xx_it.o(i.MemManage_Handler) for MemManage_Handler
    startup_stm32h743xx.o(RESET) refers to stm32h7xx_it.o(i.BusFault_Handler) for BusFault_Handler
    startup_stm32h743xx.o(RESET) refers to stm32h7xx_it.o(i.UsageFault_Handler) for UsageFault_Handler
    startup_stm32h743xx.o(RESET) refers to stm32h7xx_it.o(i.SVC_Handler) for SVC_Handler
    startup_stm32h743xx.o(RESET) refers to stm32h7xx_it.o(i.DebugMon_Handler) for DebugMon_Handler
    startup_stm32h743xx.o(RESET) refers to stm32h7xx_it.o(i.PendSV_Handler) for PendSV_Handler
    startup_stm32h743xx.o(RESET) refers to stm32h7xx_it.o(i.SysTick_Handler) for SysTick_Handler
    startup_stm32h743xx.o(RESET) refers to stm32h7xx_it.o(i.DMA1_Stream0_IRQHandler) for DMA1_Stream0_IRQHandler
    startup_stm32h743xx.o(RESET) refers to dcmi.o(i.DMA1_Stream1_IRQHandler) for DMA1_Stream1_IRQHandler
    startup_stm32h743xx.o(RESET) refers to dcmi.o(i.DCMI_IRQHandler) for DCMI_IRQHandler
    startup_stm32h743xx.o(.text) refers (Special) to heapauxi.o(.text) for __use_two_region_memory
    startup_stm32h743xx.o(.text) refers to system_stm32h7xx.o(i.SystemInit) for SystemInit
    startup_stm32h743xx.o(.text) refers to __main.o(!!!main) for __main
    startup_stm32h743xx.o(.text) refers to startup_stm32h743xx.o(HEAP) for Heap_Mem
    startup_stm32h743xx.o(.text) refers to startup_stm32h743xx.o(STACK) for Stack_Mem
    lcd.o(i.LCD_Clear) refers to lcd.o(i.LCD_SetCursor) for LCD_SetCursor
    lcd.o(i.LCD_Clear) refers to lcd.o(i.LCD_WriteRAM_Prepare) for LCD_WriteRAM_Prepare
    lcd.o(i.LCD_Clear) refers to lcd.o(.bss) for .bss
    lcd.o(i.LCD_Color_Fill) refers to lcd.o(i.LCD_SetCursor) for LCD_SetCursor
    lcd.o(i.LCD_Color_Fill) refers to lcd.o(i.LCD_WriteRAM_Prepare) for LCD_WriteRAM_Prepare
    lcd.o(i.LCD_DisplayOff) refers to lcd.o(i.LCD_WR_REG) for LCD_WR_REG
    lcd.o(i.LCD_DisplayOff) refers to lcd.o(.bss) for .bss
    lcd.o(i.LCD_DisplayOn) refers to lcd.o(i.LCD_WR_REG) for LCD_WR_REG
    lcd.o(i.LCD_DisplayOn) refers to lcd.o(.bss) for .bss
    lcd.o(i.LCD_Display_Dir) refers to lcd.o(i.LCD_Scan_Dir) for LCD_Scan_Dir
    lcd.o(i.LCD_Display_Dir) refers to lcd.o(.bss) for .bss
    lcd.o(i.LCD_DrawLine) refers to lcd.o(i.LCD_DrawPoint) for LCD_DrawPoint
    lcd.o(i.LCD_DrawPoint) refers to lcd.o(i.LCD_SetCursor) for LCD_SetCursor
    lcd.o(i.LCD_DrawPoint) refers to lcd.o(i.LCD_WriteRAM_Prepare) for LCD_WriteRAM_Prepare
    lcd.o(i.LCD_DrawPoint) refers to lcd.o(.data) for .data
    lcd.o(i.LCD_DrawRectangle) refers to lcd.o(i.LCD_DrawLine) for LCD_DrawLine
    lcd.o(i.LCD_Draw_Circle) refers to lcd.o(i.LCD_DrawPoint) for LCD_DrawPoint
    lcd.o(i.LCD_Fast_DrawPoint) refers to lcd.o(i.LCD_WR_REG) for LCD_WR_REG
    lcd.o(i.LCD_Fast_DrawPoint) refers to lcd.o(i.LCD_WR_DATA) for LCD_WR_DATA
    lcd.o(i.LCD_Fast_DrawPoint) refers to lcd.o(.bss) for .bss
    lcd.o(i.LCD_Fill) refers to lcd.o(i.LCD_SetCursor) for LCD_SetCursor
    lcd.o(i.LCD_Fill) refers to lcd.o(i.LCD_WriteRAM_Prepare) for LCD_WriteRAM_Prepare
    lcd.o(i.LCD_Init) refers to stm32h7xx_hal_gpio.o(i.HAL_GPIO_Init) for HAL_GPIO_Init
    lcd.o(i.LCD_Init) refers to stm32h7xx_hal_gpio.o(i.HAL_GPIO_WritePin) for HAL_GPIO_WritePin
    lcd.o(i.LCD_Init) refers to lcd.o(i.LCD_MPU_Config) for LCD_MPU_Config
    lcd.o(i.LCD_Init) refers to lcd.o(i.LCD_WR_REG) for LCD_WR_REG
    lcd.o(i.LCD_Init) refers to lcd.o(i.LCD_RD_DATA) for LCD_RD_DATA
    lcd.o(i.LCD_Init) refers to lcd.o(i.LCD_WR_DATA) for LCD_WR_DATA
    lcd.o(i.LCD_Init) refers to stm32h7xx_hal.o(i.HAL_Delay) for HAL_Delay
    lcd.o(i.LCD_Init) refers to lcd.o(.bss) for .bss
    lcd.o(i.LCD_Init) refers to lcd.o(i.LCD_WriteReg) for LCD_WriteReg
    lcd.o(i.LCD_Init) refers to delay.o(i.delay_us) for delay_us
    lcd.o(i.LCD_Init) refers to lcd.o(i.LCD_SSD_BackLightSet) for LCD_SSD_BackLightSet
    lcd.o(i.LCD_Init) refers to stm32h7xx_ll_fmc.o(i.FMC_NORSRAM_Extended_Timing_Init) for FMC_NORSRAM_Extended_Timing_Init
    lcd.o(i.LCD_Init) refers to lcd.o(i.LCD_Display_Dir) for LCD_Display_Dir
    lcd.o(i.LCD_Init) refers to lcd.o(i.LCD_Clear) for LCD_Clear
[...]
    .ARM.Collect$$libinit$$00000011          0x08000312   Section        0  libinit2.o(.ARM.Collect$$libinit$$00000011)
    .ARM.Collect$$libinit$$00000013          0x08000312   Section        0  libinit2.o(.ARM.Collect$$libinit$$00000013)
    .ARM.Collect$$libinit$$00000015          0x08000312   Section        0  libinit2.o(.ARM.Collect$$libinit$$00000015)
    .ARM.Collect$$libinit$$00000017          0x08000312   Section        0  libinit2.o(.ARM.Collect$$libinit$$00000017)
    .ARM.Collect$$libinit$$00000019          0x08000312   Section        0  libinit2.o(.ARM.Collect$$libinit$$00000019)
    .ARM.Collect$$libinit$$0000001B          0x08000312   Section        0  libinit2.o(.ARM.Collect$$libinit$$0000001B)
    .ARM.Collect$$libinit$$0000001D          0x08000312   Section        0  libinit2.o(.ARM.Collect$$libinit$$0000001D)
    .ARM.Collect$$libinit$$0000001F          0x08000312   Section        0  libinit2.o(.ARM.Collect$$libinit$$0000001F)
    .ARM.Collect$$libinit$$00000021          0x08000312   Section        0  libinit2.o(.ARM.Collect$$libinit$$00000021)
    .ARM.Collect$$libinit$$00000023          0x08000312   Section        0  libinit2.o(.ARM.Collect$$libinit$$00000023)
    .ARM.Collect$$libinit$$00000025          0x08000312   Section        0  libinit2.o(.ARM.Collect$$libinit$$00000025)
    .ARM.Collect$$libinit$$0000002C          0x08000312   Section        0  libinit2.o(.ARM.Collect$$libinit$$0000002C)
    .ARM.Collect$$libinit$$0000002E          0x08000312   Section        0  libinit2.o(.ARM.Collect$$libinit$$0000002E)
    .ARM.Collect$$libinit$$00000030          0x08000312   Section        0  libinit2.o(.ARM.Collect$$libinit$$00000030)
    .ARM.Collect$$libinit$$00000032          0x08000312   Section        0  libinit2.o(.ARM.Collect$$libinit$$00000032)
    .ARM.Collect$$libinit$$00000033          0x08000312   Section        2  libinit2.o(.ARM.Collect$$libinit$$00000033)
    .ARM.Collect$$libshutdown$$00000000      0x08000314   Section        2  libshutdown.o(.ARM.Collect$$libshutdown$$00000000)
    .ARM.Collect$$libshutdown$$00000002      0x08000316   Section        0  libshutdown2.o(.ARM.Collect$$libshutdown$$00000002)
    .ARM.Collect$$libshutdown$$00000004      0x08000316   Section        0  libshutdown2.o(.ARM.Collect$$libshutdown$$00000004)
    .ARM.Collect$$libshutdown$$00000007      0x08000316   Section        0  libshutdown2.o(.ARM.Collect$$libshutdown$$00000007)
    .ARM.Collect$$libshutdown$$0000000A      0x08000316   Section        0  libshutdown2.o(.ARM.Collect$$libshutdown$$0000000A)
    .ARM.Collect$$libshutdown$$0000000C      0x08000316   Section        0  libshutdown2.o(.ARM.Collect$$libshutdown$$0000000C)
    .ARM.Collect$$libshutdown$$0000000F      0x08000316   Section        0  libshutdown2.o(.ARM.Collect$$libshutdown$$0000000F)
    .ARM.Collect$$libshutdown$$00000010      0x08000316   Section        2  libshutdown2.o(.ARM.Collect$$libshutdown$$00000010)
    .ARM.Collect$$rtentry$$00000000          0x08000318   Section        0  __rtentry.o(.ARM.Collect$$rtentry$$00000000)
    .ARM.Collect$$rtentry$$00000002          0x08000318   Section        0  __rtentry2.o(.ARM.Collect$$rtentry$$00000002)
    .ARM.Collect$$rtentry$$00000004          0x08000318   Section        6  __rtentry4.o(.ARM.Collect$$rtentry$$00000004)
    .ARM.Collect$$rtentry$$00000009          0x0800031e   Section        0  __rtentry2.o(.ARM.Collect$$rtentry$$00000009)
    .ARM.Collect$$rtentry$$0000000A          0x0800031e   Section        4  __rtentry2.o(.ARM.Collect$$rtentry$$0000000A)
    .ARM.Collect$$rtentry$$0000000C          0x08000322   Section        0  __rtentry2.o(.ARM.Collect$$rtentry$$0000000C)
    .ARM.Collect$$rtentry$$0000000D          0x08000322   Section        8  __rtentry2.o(.ARM.Collect$$rtentry$$0000000D)
    .ARM.Collect$$rtexit$$00000000           0x0800032a   Section        2  rtexit.o(.ARM.Collect$$rtexit$$00000000)
    .ARM.Collect$$rtexit$$00000002           0x0800032c   Section        0  rtexit2.o(.ARM.Collect$$rtexit$$00000002)
    .ARM.Collect$$rtexit$$00000003           0x0800032c   Section        4  rtexit2.o(.ARM.Collect$$rtexit$$00000003)
    .ARM.Collect$$rtexit$$00000004           0x08000330   Section        6  rtexit2.o(.ARM.Collect$$rtexit$$00000004)
    .text                                    0x08000338   Section       64  startup_stm32h743xx.o(.text)
    $v0                                      0x08000338   Number         0  startup_stm32h743xx.o(.text)
    .text                                    0x08000378   Section      238  lludivv7m.o(.text)
    .text                                    0x08000466   Section       78  rt_memclr_w.o(.text)
    .text                                    0x080004b4   Section        0  heapauxi.o(.text)
    .text                                    0x080004ba   Section       74  sys_stackheap_outer.o(.text)
    .text                                    0x08000504   Section        0  exit.o(.text)
    .text                                    0x08000518   Section        8  libspace.o(.text)
    .text                                    0x08000520   Section        0  sys_exit.o(.text)
    .text                                    0x0800052c   Section        2  use_no_semi.o(.text)
    .text                                    0x0800052e   Section        0  indicate_semi.o(.text)
    i.BusFault_Handler                       0x0800052e   Section        0  stm32h7xx_it.o(i.BusFault_Handler)
    i.DCMI_DMAError                          0x08000530   Section        0  stm32h7xx_hal_dcmi.o(i.DCMI_DMAError)
    DCMI_DMAError                            0x08000531   Thumb Code    32  stm32h7xx_hal_dcmi.o(i.DCMI_DMAError)
    i.DCMI_DMA_Init                          0x08000550   Section        0  dcmi.o(i.DCMI_DMA_Init)
    i.DCMI_IRQHandler                        0x08000724   Section        0  dcmi.o(i.DCMI_IRQHandler)
    i.DCMI_Init                              0x08000730   Section        0  dcmi.o(i.DCMI_Init)
    i.DCMI_Start                             0x08000770   Section        0  dcmi.o(i.DCMI_Start)
    i.DMA1_Stream0_IRQHandler                0x08000820   Section        0  stm32h7xx_it.o(i.DMA1_Stream0_IRQHandler)
    i.DMA1_Stream1_IRQHandler                0x0800082c   Section        0  dcmi.o(i.DMA1_Stream1_IRQHandler)
    i.DMA_CalcBaseAndBitshift                0x08000924   Section        0  stm32h7xx_hal_dma.o(i.DMA_CalcBaseAndBitshift)
    DMA_CalcBaseAndBitshift                  0x08000925   Thumb Code   168  stm32h7xx_hal_dma.o(i.DMA_CalcBaseAndBitshift)
    i.DMA_CalcDMAMUXChannelBaseAndMask       0x080009d8   Section        0  stm32h7xx_hal_dma.o(i.DMA_CalcDMAMUXChannelBaseAndMask)
    DMA_CalcDMAMUXChannelBaseAndMask         0x080009d9   Thumb Code   138  stm32h7xx_hal_dma.o(i.DMA_CalcDMAMUXChannelBaseAndMask)
    i.DMA_CalcDMAMUXRequestGenBaseAndMask    0x08000a74   Section        0  stm32h7xx_hal_dma.o(i.DMA_CalcDMAMUXRequestGenBaseAndMask)
    DMA_CalcDMAMUXRequestGenBaseAndMask      0x08000a75   Thumb Code   104  stm32h7xx_hal_dma.o(i.DMA_CalcDMAMUXRequestGenBaseAndMask)
    i.DMA_CheckFifoParam                     0x08000ae8   Section        0  stm32h7xx_hal_dma.o(i.DMA_CheckFifoParam)
    DMA_CheckFifoParam                       0x08000ae9   Thumb Code    84  stm32h7xx_hal_dma.o(i.DMA_CheckFifoParam)
    i.DMA_MultiBufferSetConfig               0x08000b3c   Section        0  stm32h7xx_hal_dma_ex.o(i.DMA_MultiBufferSetConfig)
    DMA_MultiBufferSetConfig                 0x08000b3d   Thumb Code   150  stm32h7xx_hal_dma_ex.o(i.DMA_MultiBufferSetConfig)
    i.DMA_SetConfig                          0x08000bdc   Section        0  stm32h7xx_hal_dma.o(i.DMA_SetConfig)
    DMA_SetConfig                            0x08000bdd   Thumb Code   278  stm32h7xx_hal_dma.o(i.DMA_SetConfig)
    i.DebugMon_Handler                       0x08000d00   Section        0  stm32h7xx_it.o(i.DebugMon_Handler)
    i.Error_Handler                          0x08000d02   Section        0  main.o(i.Error_Handler)
    i.FMC_NORSRAM_Extended_Timing_Init       0x08000d04   Section        0  stm32h7xx_ll_fmc.o(i.FMC_NORSRAM_Extended_Timing_Init)
    i.FMC_NORSRAM_Init                       0x08000d44   Section        0  stm32h7xx_ll_fmc.o(i.FMC_NORSRAM_Init)
    i.FMC_NORSRAM_Timing_Init                0x08000dd0   Section        0  stm32h7xx_ll_fmc.o(i.FMC_NORSRAM_Timing_Init)
    i.HAL_DCMI_ErrorCallback                 0x08000e38   Section        0  stm32h7xx_hal_dcmi.o(i.HAL_DCMI_ErrorCallback)
    i.HAL_DCMI_FrameEventCallback            0x08000e3c   Section        0  dcmi.o(i.HAL_DCMI_FrameEventCallback)
    i.HAL_DCMI_IRQHandler                    0x08000e54   Section        0  stm32h7xx_hal_dcmi.o(i.HAL_DCMI_IRQHandler)
    i.HAL_DCMI_Init                          0x08000ef0   Section        0  stm32h7xx_hal_dcmi.o(i.HAL_DCMI_Init)
    i.HAL_DCMI_LineEventCallback             0x08000f7c   Section        0  stm32h7xx_hal_dcmi.o(i.HAL_DCMI_LineEventCallback)
    i.HAL_DCMI_MspInit                       0x08000f80   Section        0  stm32h7xx_hal_msp.o(i.HAL_DCMI_MspInit)
    i.HAL_DCMI_VsyncEventCallback            0x080010bc   Section        0  stm32h7xx_hal_dcmi.o(i.HAL_DCMI_VsyncEventCallback)
    i.HAL_DMAEx_MultiBufferStart             0x080010c0   Section        0  stm32h7xx_hal_dma_ex.o(i.HAL_DMAEx_MultiBufferStart)
    i.HAL_DMA_Abort_IT                       0x0800129c   Section        0  stm32h7xx_hal_dma.o(i.HAL_DMA_Abort_IT)
    i.HAL_DMA_DeInit                         0x08001468   Section        0  stm32h7xx_hal_dma.o(i.HAL_DMA_DeInit)
    i.HAL_DMA_IRQHandler                     0x08001650   Section        0  stm32h7xx_hal_dma.o(i.HAL_DMA_IRQHandler)
    i.HAL_DMA_Init                           0x08001d40   Section        0  stm32h7xx_hal_dma.o(i.HAL_DMA_Init)
    i.HAL_DMA_Start                          0x08002014   Section        0  stm32h7xx_hal_dma.o(i.HAL_DMA_Start)
    i.HAL_Delay                              0x08002184   Section        0  stm32h7xx_hal.o(i.HAL_Delay)
    i.HAL_FMC_MspInit                        0x080021a8   Section        0  stm32h7xx_hal_msp.o(i.HAL_FMC_MspInit)
    HAL_FMC_MspInit                          0x080021a9   Thumb Code   208  stm32h7xx_hal_msp.o(i.HAL_FMC_MspInit)
    i.HAL_GPIO_Init                          0x08002290   Section        0  stm32h7xx_hal_gpio.o(i.HAL_GPIO_Init)
    i.HAL_GPIO_ReadPin                       0x0800248c   Section        0  stm32h7xx_hal_gpio.o(i.HAL_GPIO_ReadPin)
    i.HAL_GPIO_WritePin                      0x08002496   Section        0  stm32h7xx_hal_gpio.o(i.HAL_GPIO_WritePin)
    i.HAL_GetREVID                           0x080024a0   Section        0  stm32h7xx_hal.o(i.HAL_GetREVID)
    i.HAL_GetTick                            0x080024ac   Section        0  stm32h7xx_hal.o(i.HAL_GetTick)
    i.HAL_IncTick                            0x080024b8   Section        0  stm32h7xx_hal.o(i.HAL_IncTick)
    i.HAL_Init                               0x080024c8   Section        0  stm32h7xx_hal.o(i.HAL_Init)
    i.HAL_InitTick                           0x08002520   Section        0  stm32h7xx_hal.o(i.HAL_InitTick)
    i.HAL_MPU_ConfigRegion                   0x08002560   Section        0  stm32h7xx_hal_cortex.o(i.HAL_MPU_ConfigRegion)
    i.HAL_MPU_Disable                        0x080025bc   Section        0  stm32h7xx_hal_cortex.o(i.HAL_MPU_Disable)
    i.HAL_MPU_Enable                         0x080025d8   Section        0  stm32h7xx_hal_cortex.o(i.HAL_MPU_Enable)
    i.HAL_MspInit                            0x080025fc   Section        0  stm32h7xx_hal_msp.o(i.HAL_MspInit)
    i.HAL_NVIC_EnableIRQ                     0x08002618   Section        0  stm32h7xx_hal_cortex.o(i.HAL_NVIC_EnableIRQ)
    i.HAL_NVIC_SetPriority                   0x08002634   Section        0  stm32h7xx_hal_cortex.o(i.HAL_NVIC_SetPriority)
    i.HAL_NVIC_SetPriorityGrouping           0x08002674   Section        0  stm32h7xx_hal_cortex.o(i.HAL_NVIC_SetPriorityGrouping)
    i.HAL_PWREx_ConfigSupply                 0x08002698   Section        0  stm32h7xx_hal_pwr_ex.o(i.HAL_PWREx_ConfigSupply)
    i.HAL_RCCEx_GetD1SysClockFreq            0x080026e8   Section        0  stm32h7xx_hal_rcc_ex.o(i.HAL_RCCEx_GetD1SysClockFreq)
    i.HAL_RCCEx_GetD3PCLK1Freq               0x08002714   Section        0  stm32h7xx_hal_rcc_ex.o(i.HAL_RCCEx_GetD3PCLK1Freq)
    i.HAL_RCCEx_GetPLL2ClockFreq             0x08002738   Section        0  stm32h7xx_hal_rcc_ex.o(i.HAL_RCCEx_GetPLL2ClockFreq)
    i.HAL_RCCEx_GetPLL3ClockFreq             0x0800287c   Section        0  stm32h7xx_hal_rcc_ex.o(i.HAL_RCCEx_GetPLL3ClockFreq)
    i.HAL_RCCEx_PeriphCLKConfig              0x080029c0   Section        0  stm32h7xx_hal_rcc_ex.o(i.HAL_RCCEx_PeriphCLKConfig)
    i.HAL_RCC_ClockConfig                    0x08003278   Section        0  stm32h7xx_hal_rcc.o(i.HAL_RCC_ClockConfig)
    i.HAL_RCC_GetHCLKFreq                    0x080034bc   Section        0  stm32h7xx_hal_rcc.o(i.HAL_RCC_GetHCLKFreq)
    i.HAL_RCC_GetPCLK1Freq                   0x080034e8   Section        0  stm32h7xx_hal_rcc.o(i.HAL_RCC_GetPCLK1Freq)
    i.HAL_RCC_GetPCLK2Freq                   0x0800350c   Section        0  stm32h7xx_hal_rcc.o(i.HAL_RCC_GetPCLK2Freq)
    i.HAL_RCC_GetSysClockFreq                0x08003530   Section        0  stm32h7xx_hal_rcc.o(i.HAL_RCC_GetSysClockFreq)
    i.HAL_RCC_OscConfig                      0x08003668   Section        0  stm32h7xx_hal_rcc.o(i.HAL_RCC_OscConfig)
    i.HAL_SRAM_Init                          0x08003b20   Section        0  stm32h7xx_hal_sram.o(i.HAL_SRAM_Init)
    i.HAL_SRAM_MspInit                       0x08003b8c   Section        0  stm32h7xx_hal_msp.o(i.HAL_SRAM_MspInit)
    i.HAL_SYSTICK_CLKSourceConfig            0x08003b90   Section        0  stm32h7xx_hal_cortex.o(i.HAL_SYSTICK_CLKSourceConfig)
    i.HAL_SYSTICK_Config                     0x08003ba8   Section        0  stm32h7xx_hal_cortex.o(i.HAL_SYSTICK_Config)
    i.HAL_UARTEx_DisableFifoMode             0x08003bce   Section        0  stm32h7xx_hal_uart_ex.o(i.HAL_UARTEx_DisableFifoMode)
    i.HAL_UARTEx_SetRxFifoThreshold          0x08003c0e   Section        0  stm32h7xx_hal_uart_ex.o(i.HAL_UARTEx_SetRxFifoThreshold)
    i.HAL_UARTEx_SetTxFifoThreshold          0x08003c5a   Section        0  stm32h7xx_hal_uart_ex.o(i.HAL_UARTEx_SetTxFifoThreshold)
    i.HAL_UART_Init                          0x08003ca6   Section        0  stm32h7xx_hal_uart.o(i.HAL_UART_Init)
    i.HAL_UART_MspInit                       0x08003d10   Section        0  stm32h7xx_hal_msp.o(i.HAL_UART_MspInit)
    i.HardFault_Handler                      0x08003d78   Section        0  stm32h7xx_it.o(i.HardFault_Handler)
    i.LCD_Clear                              0x08003d7c   Section        0  lcd.o(i.LCD_Clear)
    i.LCD_Display_Dir                        0x08003db0   Section        0  lcd.o(i.LCD_Display_Dir)
    i.LCD_Fast_DrawPoint                     0x08003e94   Section        0  lcd.o(i.LCD_Fast_DrawPoint)
    i.LCD_Fill                               0x08003f74   Section        0  lcd.o(i.LCD_Fill)
    i.LCD_Init                               0x08003fbc   Section        0  lcd.o(i.LCD_Init)
    i.LCD_MPU_Config                         0x080062dc   Section        0  lcd.o(i.LCD_MPU_Config)
    i.LCD_RD_DATA                            0x08006326   Section        0  lcd.o(i.LCD_RD_DATA)
    i.LCD_SSD_BackLightSet                   0x0800633c   Section        0  lcd.o(i.LCD_SSD_BackLightSet)
    i.LCD_Scan_Dir                           0x08006390   Section        0  lcd.o(i.LCD_Scan_Dir)
    i.LCD_SetCursor                          0x08006548   Section        0  lcd.o(i.LCD_SetCursor)
    i.LCD_Set_Window                         0x0800664c   Section        0  lcd.o(i.LCD_Set_Window)
    i.LCD_ShowChar                           0x080067d4   Section        0  lcd.o(i.LCD_ShowChar)
    i.LCD_ShowString                         0x080068b8   Section        0  lcd.o(i.LCD_ShowString)
    i.LCD_WR_DATA                            0x0800690c   Section        0  lcd.o(i.LCD_WR_DATA)
    i.LCD_WR_REG                             0x08006924   Section        0  lcd.o(i.LCD_WR_REG)
    i.LCD_WriteRAM                           0x0800693c   Section        0  lcd.o(i.LCD_WriteRAM)
    i.LCD_WriteRAM_Prepare                   0x08006948   Section        0  lcd.o(i.LCD_WriteRAM_Prepare)
    i.LCD_WriteReg                           0x0800695c   Section        0  lcd.o(i.LCD_WriteReg)
    i.MX_FMC_Init                            0x0800696c   Section        0  main.o(i.MX_FMC_Init)
    MX_FMC_Init                              0x0800696d   Thumb Code   166  main.o(i.MX_FMC_Init)
    i.MX_GPIO_Init                           0x08006a20   Section        0  main.o(i.MX_GPIO_Init)
    MX_GPIO_Init                             0x08006a21   Thumb Code   240  main.o(i.MX_GPIO_Init)
    i.MX_USART1_UART_Init                    0x08006b20   Section        0  main.o(i.MX_USART1_UART_Init)
    MX_USART1_UART_Init                      0x08006b21   Thumb Code    66  main.o(i.MX_USART1_UART_Init)
    i.MemManage_Handler                      0x08006b6c   Section        0  stm32h7xx_it.o(i.MemManage_Handler)
    i.NMI_Handler                            0x08006b6e   Section        0  stm32h7xx_it.o(i.NMI_Handler)
    i.OV2640_Init                            0x08006b70   Section        0  ov2640.o(i.OV2640_Init)
    i.OV2640_OutSize_Set                     0x08006c3c   Section        0  ov2640.o(i.OV2640_OutSize_Set)
    i.OV2640_RGB565_Mode                     0x08006c90   Section        0  ov2640.o(i.OV2640_RGB565_Mode)
    i.PendSV_Handler                         0x08006cb4   Section        0  stm32h7xx_it.o(i.PendSV_Handler)
    i.RCCEx_PLL2_Config                      0x08006cb8   Section        0  stm32h7xx_hal_rcc_ex.o(i.RCCEx_PLL2_Config)
    RCCEx_PLL2_Config                        0x08006cb9   Thumb Code   284  stm32h7xx_hal_rcc_ex.o(i.RCCEx_PLL2_Config)
    i.RCCEx_PLL3_Config                      0x08006dd8   Section        0  stm32h7xx_hal_rcc_ex.o(i.RCCEx_PLL3_Config)
    RCCEx_PLL3_Config                        0x08006dd9   Thumb Code   284  stm32h7xx_hal_rcc_ex.o(i.RCCEx_PLL3_Config)
    i.SCCB_Init                              0x08006ef8   Section        0  sccb.o(i.SCCB_Init)
    i.SCCB_No_Ack                            0x08006f30   Section        0  sccb.o(i.SCCB_No_Ack)
    i.SCCB_RD_Byte                           0x08006f7c   Section        0  sccb.o(i.SCCB_RD_Byte)
    i.SCCB_RD_Reg                            0x08006fe4   Section        0  sccb.o(i.SCCB_RD_Reg)
    i.SCCB_Start                             0x08007030   Section        0  sccb.o(i.SCCB_Start)
    i.SCCB_Stop                              0x08007070   Section        0  sccb.o(i.SCCB_Stop)
    i.SCCB_WR_Byte                           0x080070ac   Section        0  sccb.o(i.SCCB_WR_Byte)
    i.SCCB_WR_Reg                            0x08007148   Section        0  sccb.o(i.SCCB_WR_Reg)
    i.SVC_Handler                            0x08007186   Section        0  stm32h7xx_it.o(i.SVC_Handler)
    i.SysTick_Handler                        0x08007188   Section        0  stm32h7xx_it.o(i.SysTick_Handler)
    i.SystemClock_Config                     0x0800718c   Section        0  main.o(i.SystemClock_Config)
    i.SystemInit                             0x0800723c   Section        0  system_stm32h7xx.o(i.SystemInit)
    i.UARTEx_SetNbDataToProcess              0x080072d8   Section        0  stm32h7xx_hal_uart_ex.o(i.UARTEx_SetNbDataToProcess)
    UARTEx_SetNbDataToProcess                0x080072d9   Thumb Code    82  stm32h7xx_hal_uart_ex.o(i.UARTEx_SetNbDataToProcess)
    i.UART_AdvFeatureConfig                  0x0800733c   Section        0  stm32h7xx_hal_uart.o(i.UART_AdvFeatureConfig)
    i.UART_CheckIdleState                    0x08007404   Section        0  stm32h7xx_hal_uart.o(i.UART_CheckIdleState)
    i.UART_SetConfig                         0x08007464   Section        0  stm32h7xx_hal_uart.o(i.UART_SetConfig)
    i.UART_WaitOnFlagUntilTimeout            0x08008074   Section        0  stm32h7xx_hal_uart.o(i.UART_WaitOnFlagUntilTimeout)
    i.UsageFault_Handler                     0x08008118   Section        0  stm32h7xx_it.o(i.UsageFault_Handler)
    i.__NVIC_SetPriority                     0x0800811a   Section        0  stm32h7xx_hal_cortex.o(i.__NVIC_SetPriority)
    __NVIC_SetPriority                       0x0800811b   Thumb Code    34  stm32h7xx_hal_cortex.o(i.__NVIC_SetPriority)
    i.delay_init                             0x0800813c   Section        0  delay.o(i.delay_init)
    i.delay_ms                               0x08008150   Section        0  delay.o(i.delay_ms)
    i.delay_us                               0x0800816c   Section        0  delay.o(i.delay_us)
    i.main                                   0x080081a0   Section        0  main.o(i.main)
    i.rgb565_test                            0x080082bc   Section        0  main.o(i.rgb565_test)
    x$fpl$fpinit                             0x0800834c   Section       10  fpinit.o(x$fpl$fpinit)
    $v0                                      0x0800834c   Number         0  fpinit.o(x$fpl$fpinit)
    .constdata                               0x08008356   Section    18240  lcd.o(.constdata)
    .constdata                               0x0800ca96   Section      452  ov2640.o(.constdata)
    OV2640_AUTOEXPOSURE_LEVEL                0x0800cc32   Data          40  ov2640.o(.constdata)
    .constdata                               0x0800cc5a   Section        8  stm32h7xx_hal_dma.o(.constdata)
    flagBitshiftOffset                       0x0800cc5a   Data           8  stm32h7xx_hal_dma.o(.constdata)
    .constdata                               0x0800cc62   Section       16  system_stm32h7xx.o(.constdata)
    .data                                    0x20000000   Section        8  lcd.o(.data)
    .data                                    0x20000008   Section        4  delay.o(.data)
    fac_us                                   0x20000008   Data           4  delay.o(.data)
    .data                                    0x2000000c   Section        8  dcmi.o(.data)
    .data                                    0x20000014   Section        8  stm32h7xx_hal_msp.o(.data)
    FMC_Initialized                          0x20000014   Data           4  stm32h7xx_hal_msp.o(.data)
    FMC_DeInitialized                        0x20000018   Data           4  stm32h7xx_hal_msp.o(.data)
    .data                                    0x2000001c   Section       12  stm32h7xx_hal.o(.data)
    .data                                    0x20000028   Section        8  system_stm32h7xx.o(.data)
    .bss                                     0x20000030   Section       14  lcd.o(.bss)
    .bss                                     0x20000040   Section       80  main.o(.bss)
    .bss                                     0x20000090   Section      120  main.o(.bss)
    .bss                                     0x20000108   Section      292  main.o(.bss)
    .bss                                     0x2000022c   Section       96  libspace.o(.bss)
    HEAP                                     0x20000290   Section      512  startup_stm32h743xx.o(HEAP)
    Heap_Mem                                 0x20000290   Data         512  startup_stm32h743xx.o(HEAP)
    STACK                                    0x20000490   Section     1024  startup_stm32h743xx.o(STACK)
    Stack_Mem                                0x20000490   Data        1024  startup_stm32h743xx.o(STACK)
    __initial_sp                             0x20000890   Data           0  startup_stm32h743xx.o(STACK)
    .ARM.__AT_0x68A00000                     0x68a00000   Section    153600  main.o(.ARM.__AT_0x68A00000)
    .ARM.__AT_0x68B00000                     0x68b00000   Section    76800  main.o(.ARM.__AT_0x68B00000)
    .ARM.__AT_0x68C00000                     0x68c00000   Section    76800  main.o(.ARM.__AT_0x68C00000)

    Global Symbols

    Symbol Name                              Value     Ov Type        Size  Object(Section)

    BuildAttributes$$THM_ISAv4$E$P$D$K$B$S$7EM$VFPv5_D16$PE$PLD8$A:L22UL41UL21$X:L11$S22US41US21$IEEE1$IW$USESV6$~STKCKD$USESV7$~SHL$OSPACE$ROPI$EBA8$UX$STANDARDLIB$REQ8$PRES8$EABIv2 0x00000000   Number         0  anon$$obj.o ABSOLUTE
    __ARM_use_no_argv                        0x00000000   Number         0  main.o ABSOLUTE
    __ARM_exceptions_init                     - Undefined Weak Reference
    __alloca_initialize                       - Undefined Weak Reference
    __arm_preinit_                            - Undefined Weak Reference
    __cpp_initialize__aeabi_                  - Undefined Weak Reference
    __cxa_finalize                            - Undefined Weak Reference
    __rt_locale                               - Undefined Weak Reference
    __sigvec_lookup                           - Undefined Weak Reference
    _atexit_init                              - Undefined Weak Reference
    _call_atexit_fns                          - Undefined Weak Reference
    _clock_init                               - Undefined Weak Reference
    _fp_trap_init                             - Undefined Weak Reference
    _fp_trap_shutdown                         - Undefined Weak Reference
    _get_lc_collate                           - Undefined Weak Reference
    _get_lc_ctype                             - Undefined Weak Reference
    _get_lc_monetary                          - Undefined Weak Reference
    _get_lc_numeric                           - Undefined Weak Reference
    _get_lc_time                              - Undefined Weak Reference
    _getenv_init                              - Undefined Weak Reference
    _handle_redirection                       - Undefined Weak Reference
    _init_alloc                               - Undefined Weak Reference
    _init_user_alloc                          - Undefined Weak Reference
    _initio                                   - Undefined Weak Reference
    _rand_init                                - Undefined Weak Reference
    _signal_finish                            - Undefined Weak Reference
    _signal_init                              - Undefined Weak Reference
    _terminate_alloc                          - Undefined Weak Reference
    _terminate_user_alloc                     - Undefined Weak Reference
    _terminateio                              - Undefined Weak Reference
    __Vectors_Size                           0x00000298   Number         0  startup_stm32h743xx.o ABSOLUTE
    __Vectors                                0x08000000   Data           4  startup_stm32h743xx.o(RESET)
    __Vectors_End                            0x08000298   Data           0  startup_stm32h743xx.o(RESET)
    __main                                   0x08000299   Thumb Code     8  __main.o(!!!main)
    __scatterload                            0x080002a1   Thumb Code     0  __scatter.o(!!!scatter)
    __scatterload_rt2                        0x080002a1   Thumb Code    44  __scatter.o(!!!scatter)
    __scatterload_rt2_thumb_only             0x080002a1   Thumb Code     0  __scatter.o(!!!scatter)
    __scatterload_null                       0x080002af   Thumb Code     0  __scatter.o(!!!scatter)
    __scatterload_copy                       0x080002d5   Thumb Code    26  __scatter_copy.o(!!handler_copy)
    __scatterload_zeroinit                   0x080002f1   Thumb Code    28  __scatter_zi.o(!!handler_zi)
    __rt_lib_init                            0x0800030d   Thumb Code     0  libinit.o(.ARM.Collect$$libinit$$00000000)
    __rt_lib_init_fp_1                       0x0800030f   Thumb Code     0  libinit2.o(.ARM.Collect$$libinit$$00000001)
    __rt_lib_init_alloca_1                   0x08000313   Thumb Code     0  libinit2.o(.ARM.Collect$$libinit$$0000002E)
    __rt_lib_init_argv_1                     0x08000313   Thumb Code     0  libinit2.o(.ARM.Collect$$libinit$$0000002C)
    __rt_lib_init_atexit_1                   0x08000313   Thumb Code     0  libinit2.o(.ARM.Collect$$libinit$$0000001B)
    __rt_lib_init_clock_1                    0x08000313   Thumb Code     0  libinit2.o(.ARM.Collect$$libinit$$00000021)
    __rt_lib_init_cpp_1                      0x08000313   Thumb Code     0  libinit2.o(.ARM.Collect$$libinit$$00000032)
    __rt_lib_init_exceptions_1               0x08000313   Thumb Code     0  libinit2.o(.ARM.Collect$$libinit$$00000030)
    __rt_lib_init_fp_trap_1                  0x08000313   Thumb Code     0  libinit2.o(.ARM.Collect$$libinit$$0000001F)
    __rt_lib_init_getenv_1                   0x08000313   Thumb Code     0  libinit2.o(.ARM.Collect$$libinit$$00000023)
    __rt_lib_init_heap_1                     0x08000313   Thumb Code     0  libinit2.o(.ARM.Collect$$libinit$$0000000A)
    __rt_lib_init_lc_collate_1               0x08000313   Thumb Code     0  libinit2.o(.ARM.Collect$$libinit$$00000011)
    __rt_lib_init_lc_ctype_1                 0x08000313   Thumb Code     0  libinit2.o(.ARM.Collect$$libinit$$00000013)
    __rt_lib_init_lc_monetary_1              0x08000313   Thumb Code     0  libinit2.o(.ARM.Collect$$libinit$$00000015)
    __rt_lib_init_lc_numeric_1               0x08000313   Thumb Code     0  libinit2.o(.ARM.Collect$$libinit$$00000017)
    __rt_lib_init_lc_time_1                  0x08000313   Thumb Code     0  libinit2.o(.ARM.Collect$$libinit$$00000019)
    __rt_lib_init_preinit_1                  0x08000313   Thumb Code     0  libinit2.o(.ARM.Collect$$libinit$$00000004)
    __rt_lib_init_rand_1                     0x08000313   Thumb Code     0  libinit2.o(.ARM.Collect$$libinit$$0000000E)
    __rt_lib_init_return                     0x08000313   Thumb Code     0  libinit2.o(.ARM.Collect$$libinit$$00000033)
    __rt_lib_init_signal_1                   0x08000313   Thumb Code     0  libinit2.o(.ARM.Collect$$libinit$$0000001D)
    __rt_lib_init_stdio_1                    0x08000313   Thumb Code     0  libinit2.o(.ARM.Collect$$libinit$$00000025)
    __rt_lib_init_user_alloc_1               0x08000313   Thumb Code     0  libinit2.o(.ARM.Collect$$libinit$$0000000C)
    __rt_lib_shutdown                        0x08000315   Thumb Code     0  libshutdown.o(.ARM.Collect$$libshutdown$$00000000)
    __rt_lib_shutdown_cpp_1                  0x08000317   Thumb Code     0  libshutdown2.o(.ARM.Collect$$libshutdown$$00000002)
    __rt_lib_shutdown_fp_trap_1              0x08000317   Thumb Code     0  libshutdown2.o(.ARM.Collect$$libshutdown$$00000007)
    __rt_lib_shutdown_heap_1                 0x08000317   Thumb Code     0  libshutdown2.o(.ARM.Collect$$libshutdown$$0000000F)
    __rt_lib_shutdown_return                 0x08000317   Thumb Code     0  libshutdown2.o(.ARM.Collect$$libshutdown$$00000010)
    __rt_lib_shutdown_signal_1               0x08000317   Thumb Code     0  libshutdown2.o(.ARM.Collect$$libshutdown$$0000000A)
    __rt_lib_shutdown_stdio_1                0x08000317   Thumb Code     0  libshutdown2.o(.ARM.Collect$$libshutdown$$00000004)
    __rt_lib_shutdown_user_alloc_1           0x08000317   Thumb Code     0  libshutdown2.o(.ARM.Collect$$libshutdown$$0000000C)
    __rt_entry                               0x08000319   Thumb Code     0  __rtentry.o(.ARM.Collect$$rtentry$$00000000)
    __rt_entry_presh_1                       0x08000319   Thumb Code     0  __rtentry2.o(.ARM.Collect$$rtentry$$00000002)
    __rt_entry_sh                            0x08000319   Thumb Code     0  __rtentry4.o(.ARM.Collect$$rtentry$$00000004)
    __rt_entry_li                            0x0800031f   Thumb Code     0  __rtentry2.o(.ARM.Collect$$rtentry$$0000000A)
    __rt_entry_postsh_1                      0x0800031f   Thumb Code     0  __rtentry2.o(.ARM.Collect$$rtentry$$00000009)
    __rt_entry_main                          0x08000323   Thumb Code     0  __rtentry2.o(.ARM.Collect$$rtentry$$0000000D)
    __rt_entry_postli_1                      0x08000323   Thumb Code     0  __rtentry2.o(.ARM.Collect$$rtentry$$0000000C)
    __rt_exit                                0x0800032b   Thumb Code     0  rtexit.o(.ARM.Collect$$rtexit$$00000000)
    __rt_exit_ls                             0x0800032d   Thumb Code     0  rtexit2.o(.ARM.Collect$$rtexit$$00000003)
    __rt_exit_prels_1                        0x0800032d   Thumb Code     0  rtexit2.o(.ARM.Collect$$rtexit$$00000002)
    __rt_exit_exit                           0x08000331   Thumb Code     0  rtexit2.o(.ARM.Collect$$rtexit$$00000004)
    Reset_Handler                            0x08000339   Thumb Code     8  startup_stm32h743xx.o(.text)
    ADC3_IRQHandler                          0x08000353   Thumb Code     0  startup_stm32h743xx.o(.text)
    ADC_IRQHandler                           0x08000353   Thumb Code     0  startup_stm32h743xx.o(.text)
    BDMA_Channel0_IRQHandler                 0x08000353   Thumb Code     0  startup_stm32h743xx.o(.text)
    BDMA_Channel1_IRQHandler                 0x08000353   Thumb Code     0  startup_stm32h743xx.o(.text)
    BDMA_Channel2_IRQHandler                 0x08000353   Thumb Code     0  startup_stm32h743xx.o(.text)
    BDMA_Channel3_IRQHandler                 0x08000353   Thumb Code     0  startup_stm32h743xx.o(.text)
    BDMA_Channel4_IRQHandler                 0x08000353   Thumb Code     0  startup_stm32h743xx.o(.text)
    BDMA_Channel5_IRQHandler                 0x08000353   Thumb Code     0  startup_stm32h743xx.o(.text)
    BDMA_Channel6_IRQHandler                 0x08000353   Thumb Code     0  startup_stm32h743xx.o(.text)
    BDMA_Channel7_IRQHandler                 0x08000353   Thumb Code     0  startup_stm32h743xx.o(.text)
    CEC_IRQHandler                           0x08000353   Thumb Code     0  startup_stm32h743xx.o(.text)
    COMP1_IRQHandler                         0x08000353   Thumb Code     0  startup_stm32h743xx.o(.text)
    CRS_IRQHandler                           0x08000353   Thumb Code     0  startup_stm32h743xx.o(.text)
    DFSDM1_FLT0_IRQHandler                   0x08000353   Thumb Code     0  startup_stm32h743xx.o(.text)
    DFSDM1_FLT1_IRQHandler                   0x08000353   Thumb Code     0  startup_stm32h743xx.o(.text)
    DFSDM1_FLT2_IRQHandler                   0x08000353   Thumb Code     0  startup_stm32h743xx.o(.text)
    DFSDM1_FLT3_IRQHandler                   0x08000353   Thumb Code     0  startup_stm32h743xx.o(.text)
    DMA1_Stream2_IRQHandler                  0x08000353   Thumb Code     0  startup_stm32h743xx.o(.text)
    DMA1_Stream3_IRQHandler                  0x08000353   Thumb Code     0  startup_stm32h743xx.o(.text)
    DMA1_Stream4_IRQHandler                  0x08000353   Thumb Code     0  startup_stm32h743xx.o(.text)
    DMA1_Stream5_IRQHandler                  0x08000353   Thumb Code     0  startup_stm32h743xx.o(.text)
    DMA1_Stream6_IRQHandler                  0x08000353   Thumb Code     0  startup_stm32h743xx.o(.text)
    DMA1_Stream7_IRQHandler                  0x08000353   Thumb Code     0  startup_stm32h743xx.o(.text)
    DMA2D_IRQHandler                         0x08000353   Thumb Code     0  startup_stm32h743xx.o(.text)
    DMA2_Stream0_IRQHandler                  0x08000353   Thumb Code     0  startup_stm32h743xx.o(.text)
    DMA2_Stream1_IRQHandler                  0x08000353   Thumb Code     0  startup_stm32h743xx.o(.text)
    DMA2_Stream2_IRQHandler                  0x08000353   Thumb Code     0  startup_stm32h743xx.o(.text)
    DMA2_Stream3_IRQHandler                  0x08000353   Thumb Code     0  startup_stm32h743xx.o(.text)
    DMA2_Stream4_IRQHandler                  0x08000353   Thumb Code     0  startup_stm32h743xx.o(.text)
    DMA2_Stream5_IRQHandler                  0x08000353   Thumb Code     0  startup_stm32h743xx.o(.text)
    DMA2_Stream6_IRQHandler                  0x08000353   Thumb Code     0  startup_stm32h743xx.o(.text)
    DMA2_Stream7_IRQHandler                  0x08000353   Thumb Code     0  startup_stm32h743xx.o(.text)
    DMAMUX1_OVR_IRQHandler                   0x08000353   Thumb Code     0  startup_stm32h743xx.o(.text)
    DMAMUX2_OVR_IRQHandler                   0x08000353   Thumb Code     0  startup_stm32h743xx.o(.text)
    ECC_IRQHandler                           0x08000353   Thumb Code     0  startup_stm32h743xx.o(.text)
    ETH_IRQHandler                           0x08000353   Thumb Code     0  startup_stm32h743xx.o(.text)
    ETH_WKUP_IRQHandler                      0x08000353   Thumb Code     0  startup_stm32h743xx.o(.text)
    EXTI0_IRQHandler                         0x08000353   Thumb Code     0  startup_stm32h743xx.o(.text)
    EXTI15_10_IRQHandler                     0x08000353   Thumb Code     0  startup_stm32h743xx.o(.text)
    EXTI1_IRQHandler                         0x08000353   Thumb Code     0  startup_stm32h743xx.o(.text)
    EXTI2_IRQHandler                         0x08000353   Thumb Code     0  startup_stm32h743xx.o(.text)
    EXTI3_IRQHandler                         0x08000353   Thumb Code     0  startup_stm32h743xx.o(.text)
    EXTI4_IRQHandler                         0x08000353   Thumb Code     0  startup_stm32h743xx.o(.text)
    EXTI9_5_IRQHandler                       0x08000353   Thumb Code     0  startup_stm32h743xx.o(.text)
    FDCAN1_IT0_IRQHandler                    0x08000353   Thumb Code     0  startup_stm32h743xx.o(.text)
    FDCAN1_IT1_IRQHandler                    0x08000353   Thumb Code     0  startup_stm32h743xx.o(.text)
    FDCAN2_IT0_IRQHandler                    0x08000353   Thumb Code     0  startup_stm32h743xx.o(.text)
    FDCAN2_IT1_IRQHandler                    0x08000353   Thumb Code     0  startup_stm32h743xx.o(.text)
    FDCAN_CAL_IRQHandler                     0x08000353   Thumb Code     0  startup_stm32h743xx.o(.text)
    FLASH_IRQHandler                         0x08000353   Thumb Code     0  startup_stm32h743xx.o(.text)
    FMC_IRQHandler                           0x08000353   Thumb Code     0  startup_stm32h743xx.o(.text)
    FPU_IRQHandler                           0x08000353   Thumb Code     0  startup_stm32h743xx.o(.text)
    HRTIM1_FLT_IRQHandler                    0x08000353   Thumb Code     0  startup_stm32h743xx.o(.text)
    HRTIM1_Master_IRQHandler                 0x08000353   Thumb Code     0  startup_stm32h743xx.o(.text)
    HRTIM1_TIMA_IRQHandler                   0x08000353   Thumb Code     0  startup_stm32h743xx.o(.text)
    HRTIM1_TIMB_IRQHandler                   0x08000353   Thumb Code     0  startup_stm32h743xx.o(.text)
    HRTIM1_TIMC_IRQHandler                   0x08000353   Thumb Code     0  startup_stm32h743xx.o(.text)
    HRTIM1_TIMD_IRQHandler                   0x08000353   Thumb Code     0  startup_stm32h743xx.o(.text)
    HRTIM1_TIME_IRQHandler                   0x08000353   Thumb Code     0  startup_stm32h743xx.o(.text)
    HSEM1_IRQHandler                         0x08000353   Thumb Code     0  startup_stm32h743xx.o(.text)
    I2C1_ER_IRQHandler                       0x08000353   Thumb Code     0  startup_stm32h743xx.o(.text)
    I2C1_EV_IRQHandler                       0x08000353   Thumb Code     0  startup_stm32h743xx.o(.text)
    I2C2_ER_IRQHandler                       0x08000353   Thumb Code     0  startup_stm32h743xx.o(.text)
    I2C2_EV_IRQHandler                       0x08000353   Thumb Code     0  startup_stm32h743xx.o(.text)
    I2C3_ER_IRQHandler                       0x08000353   Thumb Code     0  startup_stm32h743xx.o(.text)
    I2C3_EV_IRQHandler                       0x08000353   Thumb Code     0  startup_stm32h743xx.o(.text)
    I2C4_ER_IRQHandler                       0x08000353   Thumb Code     0  startup_stm32h743xx.o(.text)
    I2C4_EV_IRQHandler                       0x08000353   Thumb Code     0  startup_stm32h743xx.o(.text)
    JPEG_IRQHandler                          0x08000353   Thumb Code     0  startup_stm32h743xx.o(.text)
    LPTIM1_IRQHandler                        0x08000353   Thumb Code     0  startup_stm32h743xx.o(.text)
    LPTIM2_IRQHandler                        0x08000353   Thumb Code     0  startup_stm32h743xx.o(.text)
    LPTIM3_IRQHandler                        0x08000353   Thumb Code     0  startup_stm32h743xx.o(.text)
    LPTIM4_IRQHandler                        0x08000353   Thumb Code     0  startup_stm32h743xx.o(.text)
    LPTIM5_IRQHandler                        0x08000353   Thumb Code     0  startup_stm32h743xx.o(.text)
    LPUART1_IRQHandler                       0x08000353   Thumb Code     0  startup_stm32h743xx.o(.text)
    LTDC_ER_IRQHandler                       0x08000353   Thumb Code     0  startup_stm32h743xx.o(.text)
    LTDC_IRQHandler                          0x08000353   Thumb Code     0  startup_stm32h743xx.o(.text)
    MDIOS_IRQHandler                         0x08000353   Thumb Code     0  startup_stm32h743xx.o(.text)
    MDIOS_WKUP_IRQHandler                    0x08000353   Thumb Code     0  startup_stm32h743xx.o(.text)
    MDMA_IRQHandler                          0x08000353   Thumb Code     0  startup_stm32h743xx.o(.text)
    OTG_FS_EP1_IN_IRQHandler                 0x08000353   Thumb Code     0  startup_stm32h743xx.o(.text)
    OTG_FS_EP1_OUT_IRQHandler                0x08000353   Thumb Code     0  startup_stm32h743xx.o(.text)
    OTG_FS_IRQHandler                        0x08000353   Thumb Code     0  startup_stm32h743xx.o(.text)
    OTG_FS_WKUP_IRQHandler                   0x08000353   Thumb Code     0  startup_stm32h743xx.o(.text)
    OTG_HS_EP1_IN_IRQHandler                 0x08000353   Thumb Code     0  startup_stm32h743xx.o(.text)
    OTG_HS_EP1_OUT_IRQHandler                0x08000353   Thumb Code     0  startup_stm32h743xx.o(.text)
    OTG_HS_IRQHandler                        0x08000353   Thumb Code     0  startup_stm32h743xx.o(.text)
    OTG_HS_WKUP_IRQHandler                   0x08000353   Thumb Code     0  startup_stm32h743xx.o(.text)
    PVD_AVD_IRQHandler                       0x08000353   Thumb Code     0  startup_stm32h743xx.o(.text)
    QUADSPI_IRQHandler                       0x08000353   Thumb Code     0  startup_stm32h743xx.o(.text)
    RCC_IRQHandler                           0x08000353   Thumb Code     0  startup_stm32h743xx.o(.text)
    RNG_IRQHandler                           0x08000353   Thumb Code     0  startup_stm32h743xx.o(.text)
    RTC_Alarm_IRQHandler                     0x08000353   Thumb Code     0  startup_stm32h743xx.o(.text)
    RTC_WKUP_IRQHandler                      0x08000353   Thumb Code     0  startup_stm32h743xx.o(.text)
    SAI1_IRQHandler                          0x08000353   Thumb Code     0  startup_stm32h743xx.o(.text)
    SAI2_IRQHandler                          0x08000353   Thumb Code     0  startup_stm32h743xx.o(.text)
    SAI3_IRQHandler                          0x08000353   Thumb Code     0  startup_stm32h743xx.o(.text)
    SAI4_IRQHandler                          0x08000353   Thumb Code     0  startup_stm32h743xx.o(.text)
    SDMMC1_IRQHandler                        0x08000353   Thumb Code     0  startup_stm32h743xx.o(.text)
    SDMMC2_IRQHandler                        0x08000353   Thumb Code     0  startup_stm32h743xx.o(.text)
    SPDIF_RX_IRQHandler                      0x08000353   Thumb Code     0  startup_stm32h743xx.o(.text)
    SPI1_IRQHandler                          0x08000353   Thumb Code     0  startup_stm32h743xx.o(.text)
    SPI2_IRQHandler                          0x08000353   Thumb Code     0  startup_stm32h743xx.o(.text)
    SPI3_IRQHandler                          0x08000353   Thumb Code     0  startup_stm32h743xx.o(.text)
    SPI4_IRQHandler                          0x08000353   Thumb Code     0  startup_stm32h743xx.o(.text)
    SPI5_IRQHandler                          0x08000353   Thumb Code     0  startup_stm32h743xx.o(.text)
    SPI6_IRQHandler                          0x08000353   Thumb Code     0  startup_stm32h743xx.o(.text)
    SWPMI1_IRQHandler                        0x08000353   Thumb Code     0  startup_stm32h743xx.o(.text)
    TAMP_STAMP_IRQHandler                    0x08000353   Thumb Code     0  startup_stm32h743xx.o(.text)
    TIM15_IRQHandler                         0x08000353   Thumb Code     0  startup_stm32h743xx.o(.text)
    TIM16_IRQHandler                         0x08000353   Thumb Code     0  startup_stm32h743xx.o(.text)
    TIM17_IRQHandler                         0x08000353   Thumb Code     0  startup_stm32h743xx.o(.text)
    TIM1_BRK_IRQHandler                      0x08000353   Thumb Code     0  startup_stm32h743xx.o(.text)
    TIM1_CC_IRQHandler                       0x08000353   Thumb Code     0  startup_stm32h743xx.o(.text)
    TIM1_TRG_COM_IRQHandler                  0x08000353   Thumb Code     0  startup_stm32h743xx.o(.text)
    TIM1_UP_IRQHandler                       0x08000353   Thumb Code     0  startup_stm32h743xx.o(.text)
    TIM2_IRQHandler                          0x08000353   Thumb Code     0  startup_stm32h743xx.o(.text)
    TIM3_IRQHandler                          0x08000353   Thumb Code     0  startup_stm32h743xx.o(.text)
    TIM4_IRQHandler                          0x08000353   Thumb Code     0  startup_stm32h743xx.o(.text)
    TIM5_IRQHandler                          0x08000353   Thumb Code     0  startup_stm32h743xx.o(.text)
    TIM6_DAC_IRQHandler                      0x08000353   Thumb Code     0  startup_stm32h743xx.o(.text)
    TIM7_IRQHandler                          0x08000353   Thumb Code     0  startup_stm32h743xx.o(.text)
    TIM8_BRK_TIM12_IRQHandler                0x08000353   Thumb Code     0  startup_stm32h743xx.o(.text)
    TIM8_CC_IRQHandler                       0x08000353   Thumb Code     0  startup_stm32h743xx.o(.text)
    TIM8_TRG_COM_TIM14_IRQHandler            0x08000353   Thumb Code     0  startup_stm32h743xx.o(.text)
    TIM8_UP_TIM13_IRQHandler                 0x08000353   Thumb Code     0  startup_stm32h743xx.o(.text)
    UART4_IRQHandler                         0x08000353   Thumb Code     0  startup_stm32h743xx.o(.text)
    UART5_IRQHandler                         0x08000353   Thumb Code     0  startup_stm32h743xx.o(.text)
    UART7_IRQHandler                         0x08000353   Thumb Code     0  startup_stm32h743xx.o(.text)
    UART8_IRQHandler                         0x08000353   Thumb Code     0  startup_stm32h743xx.o(.text)
    USART1_IRQHandler                        0x08000353   Thumb Code     0  startup_stm32h743xx.o(.text)
    USART2_IRQHandler                        0x08000353   Thumb Code     0  startup_stm32h743xx.o(.text)
    USART3_IRQHandler                        0x08000353   Thumb Code     0  startup_stm32h743xx.o(.text)
    USART6_IRQHandler                        0x08000353   Thumb Code     0  startup_stm32h743xx.o(.text)
    WAKEUP_PIN_IRQHandler                    0x08000353   Thumb Code     0  startup_stm32h743xx.o(.text)
    WWDG_IRQHandler                          0x08000353   Thumb Code     0  startup_stm32h743xx.o(.text)
    __user_initial_stackheap                 0x08000355   Thumb Code     0  startup_stm32h743xx.o(.text)
    __aeabi_uldivmod                         0x08000379   Thumb Code     0  lludivv7m.o(.text)
    _ll_udiv                                 0x08000379   Thumb Code   238  lludivv7m.o(.text)
    __aeabi_memclr4                          0x08000467   Thumb Code     0  rt_memclr_w.o(.text)
    __aeabi_memclr8                          0x08000467   Thumb Code     0  rt_memclr_w.o(.text)
    __rt_memclr_w                            0x08000467   Thumb Code    78  rt_memclr_w.o(.text)
    _memset_w                                0x0800046b   Thumb Code     0  rt_memclr_w.o(.text)
    __use_two_region_memory                  0x080004b5   Thumb Code     2  heapauxi.o(.text)
    __rt_heap_escrow$2region                 0x080004b7   Thumb Code     2  heapauxi.o(.text)
    __rt_heap_expand$2region                 0x080004b9   Thumb Code     2  heapauxi.o(.text)
    __user_setup_stackheap                   0x080004bb   Thumb Code    74  sys_stackheap_outer.o(.text)
    exit                                     0x08000505   Thumb Code    18  exit.o(.text)
    __user_libspace                          0x08000519   Thumb Code     8  libspace.o(.text)
    __user_perproc_libspace                  0x08000519   Thumb Code     0  libspace.o(.text)
    __user_perthread_libspace                0x08000519   Thumb Code     0  libspace.o(.text)
    _sys_exit                                0x08000521   Thumb Code     8  sys_exit.o(.text)
    __I$use$semihosting                      0x0800052d   Thumb Code     0  use_no_semi.o(.text)
    __use_no_semihosting_swi                 0x0800052d   Thumb Code     2  use_no_semi.o(.text)
    BusFault_Handler                         0x0800052f   Thumb Code     2  stm32h7xx_it.o(i.BusFault_Handler)
    __semihosting_library_function           0x0800052f   Thumb Code     0  indicate_semi.o(.text)
    DCMI_DMA_Init                            0x08000551   Thumb Code   440  dcmi.o(i.DCMI_DMA_Init)
    DCMI_IRQHandler                          0x08000725   Thumb Code     6  dcmi.o(i.DCMI_IRQHandler)
    DCMI_Init                                0x08000731   Thumb Code    54  dcmi.o(i.DCMI_Init)
    DCMI_Start                               0x08000771   Thumb Code   158  dcmi.o(i.DCMI_Start)
    DMA1_Stream0_IRQHandler                  0x08000821   Thumb Code     6  stm32h7xx_it.o(i.DMA1_Stream0_IRQHandler)
    DMA1_Stream1_IRQHandler                  0x0800082d   Thumb Code   214  dcmi.o(i.DMA1_Stream1_IRQHandler)
    DebugMon_Handler                         0x08000d01   Thumb Code     2  stm32h7xx_it.o(i.DebugMon_Handler)
    Error_Handler                            0x08000d03   Thumb Code     2  main.o(i.Error_Handler)
    FMC_NORSRAM_Extended_Timing_Init         0x08000d05   Thumb Code    58  stm32h7xx_ll_fmc.o(i.FMC_NORSRAM_Extended_Timing_Init)
    FMC_NORSRAM_Init                         0x08000d45   Thumb Code   136  stm32h7xx_ll_fmc.o(i.FMC_NORSRAM_Init)
    FMC_NORSRAM_Timing_Init                  0x08000dd1   Thumb Code   100  stm32h7xx_ll_fmc.o(i.FMC_NORSRAM_Timing_Init)
    HAL_DCMI_ErrorCallback                   0x08000e39   Thumb Code     2  stm32h7xx_hal_dcmi.o(i.HAL_DCMI_ErrorCallback)
    HAL_DCMI_FrameEventCallback              0x08000e3d   Thumb Code    20  dcmi.o(i.HAL_DCMI_FrameEventCallback)
    HAL_DCMI_IRQHandler                      0x08000e55   Thumb Code   152  stm32h7xx_hal_dcmi.o(i.HAL_DCMI_IRQHandler)
    HAL_DCMI_Init                            0x08000ef1   Thumb Code   134  stm32h7xx_hal_dcmi.o(i.HAL_DCMI_Init)
    HAL_DCMI_LineEventCallback               0x08000f7d   Thumb Code     2  stm32h7xx_hal_dcmi.o(i.HAL_DCMI_LineEventCallback)
    HAL_DCMI_MspInit                         0x08000f81   Thumb Code   284  stm32h7xx_hal_msp.o(i.HAL_DCMI_MspInit)
    HAL_DCMI_VsyncEventCallback              0x080010bd   Thumb Code     2  stm32h7xx_hal_dcmi.o(i.HAL_DCMI_VsyncEventCallback)
    HAL_DMAEx_MultiBufferStart               0x080010c1   Thumb Code   452  stm32h7xx_hal_dma_ex.o(i.HAL_DMAEx_MultiBufferStart)
    HAL_DMA_Abort_IT                         0x0800129d   Thumb Code   422  stm32h7xx_hal_dma.o(i.HAL_DMA_Abort_IT)
    HAL_DMA_DeInit                           0x08001469   Thumb Code   446  stm32h7xx_hal_dma.o(i.HAL_DMA_DeInit)
    HAL_DMA_IRQHandler                       0x08001651   Thumb Code  1762  stm32h7xx_hal_dma.o(i.HAL_DMA_IRQHandler)
    HAL_DMA_Init                             0x08001d41   Thumb Code   680  stm32h7xx_hal_dma.o(i.HAL_DMA_Init)
    HAL_DMA_Start                            0x08002015   Thumb Code   338  stm32h7xx_hal_dma.o(i.HAL_DMA_Start)
    HAL_Delay                                0x08002185   Thumb Code    32  stm32h7xx_hal.o(i.HAL_Delay)
    HAL_GPIO_Init                            0x08002291   Thumb Code   458  stm32h7xx_hal_gpio.o(i.HAL_GPIO_Init)
    HAL_GPIO_ReadPin                         0x0800248d   Thumb Code    10  stm32h7xx_hal_gpio.o(i.HAL_GPIO_ReadPin)
    HAL_GPIO_WritePin                        0x08002497   Thumb Code    10  stm32h7xx_hal_gpio.o(i.HAL_GPIO_WritePin)
    HAL_GetREVID                             0x080024a1   Thumb Code     8  stm32h7xx_hal.o(i.HAL_GetREVID)
    HAL_GetTick                              0x080024ad   Thumb Code     6  stm32h7xx_hal.o(i.HAL_GetTick)
    HAL_IncTick                              0x080024b9   Thumb Code    12  stm32h7xx_hal.o(i.HAL_IncTick)
    HAL_Init                                 0x080024c9   Thumb Code    72  stm32h7xx_hal.o(i.HAL_Init)
    HAL_InitTick                             0x08002521   Thumb Code    56  stm32h7xx_hal.o(i.HAL_InitTick)
    HAL_MPU_ConfigRegion                     0x08002561   Thumb Code    86  stm32h7xx_hal_cortex.o(i.HAL_MPU_ConfigRegion)
    HAL_MPU_Disable                          0x080025bd   Thumb Code    24  stm32h7xx_hal_cortex.o(i.HAL_MPU_Disable)
    HAL_MPU_Enable                           0x080025d9   Thumb Code    30  stm32h7xx_hal_cortex.o(i.HAL_MPU_Enable)
    HAL_MspInit                              0x080025fd   Thumb Code    22  stm32h7xx_hal_msp.o(i.HAL_MspInit)
    HAL_NVIC_EnableIRQ                       0x08002619   Thumb Code    26  stm32h7xx_hal_cortex.o(i.HAL_NVIC_EnableIRQ)
    HAL_NVIC_SetPriority                     0x08002635   Thumb Code    60  stm32h7xx_hal_cortex.o(i.HAL_NVIC_SetPriority)
    HAL_NVIC_SetPriorityGrouping             0x08002675   Thumb Code    28  stm32h7xx_hal_cortex.o(i.HAL_NVIC_SetPriorityGrouping)
    HAL_PWREx_ConfigSupply                   0x08002699   Thumb Code    76  stm32h7xx_hal_pwr_ex.o(i.HAL_PWREx_ConfigSupply)
    HAL_RCCEx_GetD1SysClockFreq              0x080026e9   Thumb Code    30  stm32h7xx_hal_rcc_ex.o(i.HAL_RCCEx_GetD1SysClockFreq)
    HAL_RCCEx_GetD3PCLK1Freq                 0x08002715   Thumb Code    26  stm32h7xx_hal_rcc_ex.o(i.HAL_RCCEx_GetD3PCLK1Freq)
    HAL_RCCEx_GetPLL2ClockFreq               0x08002739   Thumb Code   296  stm32h7xx_hal_rcc_ex.o(i.HAL_RCCEx_GetPLL2ClockFreq)
    HAL_RCCEx_GetPLL3ClockFreq               0x0800287d   Thumb Code   296  stm32h7xx_hal_rcc_ex.o(i.HAL_RCCEx_GetPLL3ClockFreq)
    HAL_RCCEx_PeriphCLKConfig                0x080029c1   Thumb Code  2230  stm32h7xx_hal_rcc_ex.o(i.HAL_RCCEx_PeriphCLKConfig)
    HAL_RCC_ClockConfig                      0x08003279   Thumb Code   560  stm32h7xx_hal_rcc.o(i.HAL_RCC_ClockConfig)
    HAL_RCC_GetHCLKFreq                      0x080034bd   Thumb Code    30  stm32h7xx_hal_rcc.o(i.HAL_RCC_GetHCLKFreq)
    HAL_RCC_GetPCLK1Freq                     0x080034e9   Thumb Code    26  stm32h7xx_hal_rcc.o(i.HAL_RCC_GetPCLK1Freq)
    HAL_RCC_GetPCLK2Freq                     0x0800350d   Thumb Code    26  stm32h7xx_hal_rcc.o(i.HAL_RCC_GetPCLK2Freq)
    HAL_RCC_GetSysClockFreq                  0x08003531   Thumb Code   278  stm32h7xx_hal_rcc.o(i.HAL_RCC_GetSysClockFreq)
    HAL_RCC_OscConfig                        0x08003669   Thumb Code  1206  stm32h7xx_hal_rcc.o(i.HAL_RCC_OscConfig)
    HAL_SRAM_Init                            0x08003b21   Thumb Code   102  stm32h7xx_hal_sram.o(i.HAL_SRAM_Init)
    HAL_SRAM_MspInit                         0x08003b8d   Thumb Code     4  stm32h7xx_hal_msp.o(i.HAL_SRAM_MspInit)
    HAL_SYSTICK_CLKSourceConfig              0x08003b91   Thumb Code    24  stm32h7xx_hal_cortex.o(i.HAL_SYSTICK_CLKSourceConfig)
    HAL_SYSTICK_Config                       0x08003ba9   Thumb Code    38  stm32h7xx_hal_cortex.o(i.HAL_SYSTICK_Config)
    HAL_UARTEx_DisableFifoMode               0x08003bcf   Thumb Code    64  stm32h7xx_hal_uart_ex.o(i.HAL_UARTEx_DisableFifoMode)
    HAL_UARTEx_SetRxFifoThreshold            0x08003c0f   Thumb Code    76  stm32h7xx_hal_uart_ex.o(i.HAL_UARTEx_SetRxFifoThreshold)
    HAL_UARTEx_SetTxFifoThreshold            0x08003c5b   Thumb Code    76  stm32h7xx_hal_uart_ex.o(i.HAL_UARTEx_SetTxFifoThreshold)
    HAL_UART_Init                            0x08003ca7   Thumb Code   106  stm32h7xx_hal_uart.o(i.HAL_UART_Init)
    HAL_UART_MspInit                         0x08003d11   Thumb Code    92  stm32h7xx_hal_msp.o(i.HAL_UART_MspInit)
    HardFault_Handler                        0x08003d79   Thumb Code     2  stm32h7xx_it.o(i.HardFault_Handler)
    LCD_Clear                                0x08003d7d   Thumb Code    48  lcd.o(i.LCD_Clear)
    LCD_Display_Dir                          0x08003db1   Thumb Code   222  lcd.o(i.LCD_Display_Dir)
    LCD_Fast_DrawPoint                       0x08003e95   Thumb Code   220  lcd.o(i.LCD_Fast_DrawPoint)
    LCD_Fill                                 0x08003f75   Thumb Code    70  lcd.o(i.LCD_Fill)
    LCD_Init                                 0x08003fbd   Thumb Code  8988  lcd.o(i.LCD_Init)
    LCD_MPU_Config                           0x080062dd   Thumb Code    74  lcd.o(i.LCD_MPU_Config)
    LCD_RD_DATA                              0x08006327   Thumb Code    20  lcd.o(i.LCD_RD_DATA)
    LCD_SSD_BackLightSet                     0x0800633d   Thumb Code    74  lcd.o(i.LCD_SSD_BackLightSet)
    LCD_Scan_Dir                             0x08006391   Thumb Code   434  lcd.o(i.LCD_Scan_Dir)
    LCD_SetCursor                            0x08006549   Thumb Code   254  lcd.o(i.LCD_SetCursor)
    LCD_Set_Window                           0x0800664d   Thumb Code   386  lcd.o(i.LCD_Set_Window)
    LCD_ShowChar                             0x080067d5   Thumb Code   204  lcd.o(i.LCD_ShowChar)
    LCD_ShowString                           0x080068b9   Thumb Code    84  lcd.o(i.LCD_ShowString)
    LCD_WR_DATA                              0x0800690d   Thumb Code    24  lcd.o(i.LCD_WR_DATA)
    LCD_WR_REG                               0x08006925   Thumb Code    24  lcd.o(i.LCD_WR_REG)
    LCD_WriteRAM                             0x0800693d   Thumb Code    10  lcd.o(i.LCD_WriteRAM)
    LCD_WriteRAM_Prepare                     0x08006949   Thumb Code    14  lcd.o(i.LCD_WriteRAM_Prepare)
    LCD_WriteReg                             0x0800695d   Thumb Code    14  lcd.o(i.LCD_WriteReg)
    MemManage_Handler                        0x08006b6d   Thumb Code     2  stm32h7xx_it.o(i.MemManage_Handler)
    NMI_Handler                              0x08006b6f   Thumb Code     2  stm32h7xx_it.o(i.NMI_Handler)
    OV2640_Init                              0x08006b71   Thumb Code   190  ov2640.o(i.OV2640_Init)
    OV2640_OutSize_Set                       0x08006c3d   Thumb Code    84  ov2640.o(i.OV2640_OutSize_Set)
    OV2640_RGB565_Mode                       0x08006c91   Thumb Code    32  ov2640.o(i.OV2640_RGB565_Mode)
    PendSV_Handler                           0x08006cb5   Thumb Code     2  stm32h7xx_it.o(i.PendSV_Handler)
    SCCB_Init                                0x08006ef9   Thumb Code    48  sccb.o(i.SCCB_Init)
    SCCB_No_Ack                              0x08006f31   Thumb Code    72  sccb.o(i.SCCB_No_Ack)
    SCCB_RD_Byte                             0x08006f7d   Thumb Code    98  sccb.o(i.SCCB_RD_Byte)
    SCCB_RD_Reg                              0x08006fe5   Thumb Code    76  sccb.o(i.SCCB_RD_Reg)
    SCCB_Start                               0x08007031   Thumb Code    60  sccb.o(i.SCCB_Start)
    SCCB_Stop                                0x08007071   Thumb Code    56  sccb.o(i.SCCB_Stop)
    SCCB_WR_Byte                             0x080070ad   Thumb Code   152  sccb.o(i.SCCB_WR_Byte)
    SCCB_WR_Reg                              0x08007149   Thumb Code    62  sccb.o(i.SCCB_WR_Reg)
    SVC_Handler                              0x08007187   Thumb Code     2  stm32h7xx_it.o(i.SVC_Handler)
    SysTick_Handler                          0x08007189   Thumb Code     4  stm32h7xx_it.o(i.SysTick_Handler)
    SystemClock_Config                       0x0800718d   Thumb Code   164  main.o(i.SystemClock_Config)
    SystemInit                               0x0800723d   Thumb Code   134  system_stm32h7xx.o(i.SystemInit)
    UART_AdvFeatureConfig                    0x0800733d   Thumb Code   200  stm32h7xx_hal_uart.o(i.UART_AdvFeatureConfig)
    UART_CheckIdleState                      0x08007405   Thumb Code    94  stm32h7xx_hal_uart.o(i.UART_CheckIdleState)
    UART_SetConfig                           0x08007465   Thumb Code  3084  stm32h7xx_hal_uart.o(i.UART_SetConfig)
    UART_WaitOnFlagUntilTimeout              0x08008075   Thumb Code   164  stm32h7xx_hal_uart.o(i.UART_WaitOnFlagUntilTimeout)
    UsageFault_Handler                       0x08008119   Thumb Code     2  stm32h7xx_it.o(i.UsageFault_Handler)
    delay_init                               0x0800813d   Thumb Code    16  delay.o(i.delay_init)
    delay_ms                                 0x08008151   Thumb Code    26  delay.o(i.delay_ms)
    delay_us                                 0x0800816d   Thumb Code    48  delay.o(i.delay_us)
    main                                     0x080081a1   Thumb Code   198  main.o(i.main)
    rgb565_test                              0x080082bd   Thumb Code   112  main.o(i.rgb565_test)
    _fp_init                                 0x0800834d   Thumb Code    10  fpinit.o(x$fpl$fpinit)
    __fplib_config_fpu_vfp                   0x08008355   Thumb Code     0  fpinit.o(x$fpl$fpinit)
    __fplib_config_pureend_doubles           0x08008355   Thumb Code     0  fpinit.o(x$fpl$fpinit)
    asc2_1206                                0x08008356   Data        1140  lcd.o(.constdata)
    asc2_1608                                0x080087ca   Data        1520  lcd.o(.constdata)
    asc2_2412                                0x08008dba   Data        3420  lcd.o(.constdata)
    asc2_3216                                0x08009b16   Data       12160  lcd.o(.constdata)
    ov2640_svga_init_reg_tbl                 0x0800ca96   Data         354  ov2640.o(.constdata)
    ov2640_jpeg_reg_tbl                      0x0800cbf8   Data          14  ov2640.o(.constdata)
    ov2640_rgb565_reg_tbl                    0x0800cc06   Data          28  ov2640.o(.constdata)
    ov2640_yuv422_reg_tbl                    0x0800cc22   Data          16  ov2640.o(.constdata)
    D1CorePrescTable                         0x0800cc62   Data          16  system_stm32h7xx.o(.constdata)
    Region$$Table$$Base                      0x0800cc74   Number         0  anon$$obj.o(Region$$Table)
    Region$$Table$$Limit                     0x0800cc94   Number         0  anon$$obj.o(Region$$Table)
    POINT_COLOR                              0x20000000   Data           4  lcd.o(.data)
    BACK_COLOR                               0x20000004   Data           4  lcd.o(.data)
    ov_frame                                 0x2000000c   Data           1  dcmi.o(.data)
    zhencount                                0x20000010   Data           4  dcmi.o(.data)
    uwTickFreq                               0x2000001c   Data           1  stm32h7xx_hal.o(.data)
    uwTickPrio                               0x20000020   Data           4  stm32h7xx_hal.o(.data)
    uwTick                                   0x20000024   Data           4  stm32h7xx_hal.o(.data)
    SystemCoreClock                          0x20000028   Data           4  system_stm32h7xx.o(.data)
    SystemD2Clock                            0x2000002c   Data           4  system_stm32h7xx.o(.data)
    lcddev                                   0x20000030   Data          14  lcd.o(.bss)
    hdcmi                                    0x20000040   Data          80  main.o(.bss)
    hdma_dcmi                                0x20000090   Data         120  main.o(.bss)
    huart1                                   0x20000108   Data         140  main.o(.bss)
    hsram3                                   0x20000194   Data          76  main.o(.bss)
    hsram4                                   0x200001e0   Data          76  main.o(.bss)
    __libspace_start                         0x2000022c   Data          96  libspace.o(.bss)
    __temporary_stack_top$libspace           0x2000028c   Data           0  libspace.o(.bss)
    display                                  0x68a00000   Data       153600  main.o(.ARM.__AT_0x68A00000)
    Parallel_Data_Buffer2                    0x68b00000   Data       76800  main.o(.ARM.__AT_0x68B00000)
    Parallel_Data_Buffer1                    0x68c00000   Data       76800  main.o(.ARM.__AT_0x68C00000)



==============================================================================

Memory Map of the image

  Image Entry point : 0x08000299

  Load Region LR_IROM1 (Base: 0x08000000, Size: 0x0000ccc4, Max: 0x00200000, ABSOLUTE)

    Execution Region ER_IROM1 (Exec base: 0x08000000, Load base: 0x08000000, Size: 0x0000cc94, Max: 0x00200000, ABSOLUTE)

    Exec Addr    Load Addr    Size         Type   Attr      Idx    E Section Name        Object

    0x08000000   0x08000000   0x00000298   Data   RO            3    RESET               startup_stm32h743xx.o
    0x08000298   0x08000298   0x00000008   Code   RO         4275  * !!!main             c_w.l(__main.o)
    0x080002a0   0x080002a0   0x00000034   Code   RO         4442    !!!scatter          c_w.l(__scatter.o)
    0x080002d4   0x080002d4   0x0000001a   Code   RO         4444    !!handler_copy      c_w.l(__scatter_copy.o)
    0x080002ee   0x080002ee   0x00000002   PAD
    0x080002f0   0x080002f0   0x0000001c   Code   RO         4446    !!handler_zi        c_w.l(__scatter_zi.o)
    0x0800030c   0x0800030c   0x00000002   Code   RO         4312    .ARM.Collect$$libinit$$00000000  c_w.l(libinit.o)
    0x0800030e   0x0800030e   0x00000004   Code   RO         4324    .ARM.Collect$$libinit$$00000001  c_w.l(libinit2.o)
    0x08000312   0x08000312   0x00000000   Code   RO         4327    .ARM.Collect$$libinit$$00000004  c_w.l(libinit2.o)
    0x08000312   0x08000312   0x00000000   Code   RO         4330    .ARM.Collect$$libinit$$0000000A  c_w.l(libinit2.o)
    0x08000312   0x08000312   0x00000000   Code   RO         4332    .ARM.Collect$$libinit$$0000000C  c_w.l(libinit2.o)
    0x08000312   0x08000312   0x00000000   Code   RO         4334    .ARM.Collect$$libinit$$0000000E  c_w.l(libinit2.o)
    0x08000312   0x08000312   0x00000000   Code   RO         4337    .ARM.Collect$$libinit$$00000011  c_w.l(libinit2.o)
    0x08000312   0x08000312   0x00000000   Code   RO         4339    .ARM.Collect$$libinit$$00000013  c_w.l(libinit2.o)
    0x08000312   0x08000312   0x00000000   Code   RO         4341    .ARM.Collect$$libinit$$00000015  c_w.l(libinit2.o)
    0x08000312   0x08000312   0x00000000   Code   RO         4343    .ARM.Collect$$libinit$$00000017  c_w.l(libinit2.o)
    0x08000312   0x08000312   0x00000000   Code   RO         4345    .ARM.Collect$$libinit$$00000019  c_w.l(libinit2.o)
    0x08000312   0x08000312   0x00000000   Code   RO         4347    .ARM.Collect$$libinit$$0000001B  c_w.l(libinit2.o)
    0x08000312   0x08000312   0x00000000   Code   RO         4349    .ARM.Collect$$libinit$$0000001D  c_w.l(libinit2.o)
    0x08000312   0x08000312   0x00000000   Code   RO         4351    .ARM.Collect$$libinit$$0000001F  c_w.l(libinit2.o)
    0x08000312   0x08000312   0x00000000   Code   RO         4353    .ARM.Collect$$libinit$$00000021  c_w.l(libinit2.o)
    0x08000312   0x08000312   0x00000000   Code   RO         4355    .ARM.Collect$$libinit$$00000023  c_w.l(libinit2.o)
    0x08000312   0x08000312   0x00000000   Code   RO         4357    .ARM.Collect$$libinit$$00000025  c_w.l(libinit2.o)
    0x08000312   0x08000312   0x00000000   Code   RO         4361    .ARM.Collect$$libinit$$0000002C  c_w.l(libinit2.o)
    0x08000312   0x08000312   0x00000000   Code   RO         4363    .ARM.Collect$$libinit$$0000002E  c_w.l(libinit2.o)
    0x08000312   0x08000312   0x00000000   Code   RO         4365    .ARM.Collect$$libinit$$00000030  c_w.l(libinit2.o)
    0x08000312   0x08000312   0x00000000   Code   RO         4367    .ARM.Collect$$libinit$$00000032  c_w.l(libinit2.o)
    0x08000312   0x08000312   0x00000002   Code   RO         4368    .ARM.Collect$$libinit$$00000033  c_w.l(libinit2.o)
    0x08000314   0x08000314   0x00000002   Code   RO         4399    .ARM.Collect$$libshutdown$$00000000  c_w.l(libshutdown.o)
    0x08000316   0x08000316   0x00000000   Code   RO         4425    .ARM.Collect$$libshutdown$$00000002  c_w.l(libshutdown2.o)
    0x08000316   0x08000316   0x00000000   Code   RO         4427    .ARM.Collect$$libshutdown$$00000004  c_w.l(libshutdown2.o)
    0x08000316   0x08000316   0x00000000   Code   RO         4430    .ARM.Collect$$libshutdown$$00000007  c_w.l(libshutdown2.o)
    0x08000316   0x08000316   0x00000000   Code   RO         4433    .ARM.Collect$$libshutdown$$0000000A  c_w.l(libshutdown2.o)
    0x08000316   0x08000316   0x00000000   Code   RO         4435    .ARM.Collect$$libshutdown$$0000000C  c_w.l(libshutdown2.o)
    0x08000316   0x08000316   0x00000000   Code   RO         4438    .ARM.Collect$$libshutdown$$0000000F  c_w.l(libshutdown2.o)
    0x08000316   0x08000316   0x00000002   Code   RO         4439    .ARM.Collect$$libshutdown$$00000010  c_w.l(libshutdown2.o)
    0x08000318   0x08000318   0x00000000   Code   RO         4277    .ARM.Collect$$rtentry$$00000000  c_w.l(__rtentry.o)
    0x08000318   0x08000318   0x00000000   Code   RO         4283    .ARM.Collect$$rtentry$$00000002  c_w.l(__rtentry2.o)
    0x08000318   0x08000318   0x00000006   Code   RO         4295    .ARM.Collect$$rtentry$$00000004  c_w.l(__rtentry4.o)
    0x0800031e   0x0800031e   0x00000000   Code   RO         4285    .ARM.Collect$$rtentry$$00000009  c_w.l(__rtentry2.o)
    0x0800031e   0x0800031e   0x00000004   Code   RO         4286    .ARM.Collect$$rtentry$$0000000A  c_w.l(__rtentry2.o)
    0x08000322   0x08000322   0x00000000   Code   RO         4288    .ARM.Collect$$rtentry$$0000000C  c_w.l(__rtentry2.o)
    0x08000322   0x08000322   0x00000008   Code   RO         4289    .ARM.Collect$$rtentry$$0000000D  c_w.l(__rtentry2.o)
    0x0800032a   0x0800032a   0x00000002   Code   RO         4316    .ARM.Collect$$rtexit$$00000000  c_w.l(rtexit.o)
    0x0800032c   0x0800032c   0x00000000   Code   RO         4372    .ARM.Collect$$rtexit$$00000002  c_w.l(rtexit2.o)
    0x0800032c   0x0800032c   0x00000004   Code   RO         4373    .ARM.Collect$$rtexit$$00000003  c_w.l(rtexit2.o)
    0x08000330   0x08000330   0x00000006   Code   RO         4374    .ARM.Collect$$rtexit$$00000004  c_w.l(rtexit2.o)
    0x08000336   0x08000336   0x00000002   PAD
    0x08000338   0x08000338   0x00000040   Code   RO            4    .text               startup_stm32h743xx.o
    0x08000378   0x08000378   0x000000ee   Code   RO         4269    .text               c_w.l(lludivv7m.o)
    0x08000466   0x08000466   0x0000004e   Code   RO         4271    .text               c_w.l(rt_memclr_w.o)
    0x080004b4   0x080004b4   0x00000006   Code   RO         4273    .text               c_w.l(heapauxi.o)
    0x080004ba   0x080004ba   0x0000004a   Code   RO         4299    .text               c_w.l(sys_stackheap_outer.o)
    0x08000504   0x08000504   0x00000012   Code   RO         4301    .text               c_w.l(exit.o)
    0x08000516   0x08000516   0x00000002   PAD
    0x08000518   0x08000518   0x00000008   Code   RO         4313    .text               c_w.l(libspace.o)
    0x08000520   0x08000520   0x0000000c   Code   RO         4369    .text               c_w.l(sys_exit.o)
    0x0800052c   0x0800052c   0x00000002   Code   RO         4388    .text               c_w.l(use_no_semi.o)
    0x0800052e   0x0800052e   0x00000000   Code   RO         4390    .text               c_w.l(indicate_semi.o)
    0x0800052e   0x0800052e   0x00000002   Code   RO          746    i.BusFault_Handler  stm32h7xx_it.o
    0x08000530   0x08000530   0x00000020   Code   RO         1037    i.DCMI_DMAError     stm32h7xx_hal_dcmi.o
    0x08000550   0x08000550   0x000001d4   Code   RO          580    i.DCMI_DMA_Init     dcmi.o
    0x08000724   0x08000724   0x0000000c   Code   RO          581    i.DCMI_IRQHandler   dcmi.o
    0x08000730   0x08000730   0x00000040   Code   RO          582    i.DCMI_Init         dcmi.o
    0x08000770   0x08000770   0x000000b0   Code   RO          584    i.DCMI_Start        dcmi.o
    0x08000820   0x08000820   0x0000000c   Code   RO          747    i.DMA1_Stream0_IRQHandler  stm32h7xx_it.o
    0x0800082c   0x0800082c   0x000000f8   Code   RO          586    i.DMA1_Stream1_IRQHandler  dcmi.o
    0x08000924   0x08000924   0x000000b4   Code   RO         1797    i.DMA_CalcBaseAndBitshift  stm32h7xx_hal_dma.o
    0x080009d8   0x080009d8   0x0000009c   Code   RO         1798    i.DMA_CalcDMAMUXChannelBaseAndMask  stm32h7xx_hal_dma.o
    0x08000a74   0x08000a74   0x00000074   Code   RO         1799    i.DMA_CalcDMAMUXRequestGenBaseAndMask  stm32h7xx_hal_dma.o
    0x08000ae8   0x08000ae8   0x00000054   Code   RO         1800    i.DMA_CheckFifoParam  stm32h7xx_hal_dma.o
    0x08000b3c   0x08000b3c   0x000000a0   Code   RO         1913    i.DMA_MultiBufferSetConfig  stm32h7xx_hal_dma_ex.o
    0x08000bdc   0x08000bdc   0x00000124   Code   RO         1801    i.DMA_SetConfig     stm32h7xx_hal_dma.o
    0x08000d00   0x08000d00   0x00000002   Code   RO          748    i.DebugMon_Handler  stm32h7xx_it.o
    0x08000d02   0x08000d02   0x00000002   Code   RO          664    i.Error_Handler     main.o
    0x08000d04   0x08000d04   0x00000040   Code   RO         3431    i.FMC_NORSRAM_Extended_Timing_Init  stm32h7xx_ll_fmc.o
    0x08000d44   0x08000d44   0x0000008c   Code   RO         3432    i.FMC_NORSRAM_Init  stm32h7xx_ll_fmc.o
    0x08000dd0   0x08000dd0   0x00000068   Code   RO         3433    i.FMC_NORSRAM_Timing_Init  stm32h7xx_ll_fmc.o
    0x08000e38   0x08000e38   0x00000002   Code   RO         1043    i.HAL_DCMI_ErrorCallback  stm32h7xx_hal_dcmi.o
    0x08000e3a   0x08000e3a   0x00000002   PAD
    0x08000e3c   0x08000e3c   0x00000018   Code   RO          587    i.HAL_DCMI_FrameEventCallback  dcmi.o
    0x08000e54   0x08000e54   0x0000009c   Code   RO         1047    i.HAL_DCMI_IRQHandler  stm32h7xx_hal_dcmi.o
    0x08000ef0   0x08000ef0   0x0000008c   Code   RO         1048    i.HAL_DCMI_Init     stm32h7xx_hal_dcmi.o
    0x08000f7c   0x08000f7c   0x00000002   Code   RO         1049    i.HAL_DCMI_LineEventCallback  stm32h7xx_hal_dcmi.o
    0x08000f7e   0x08000f7e   0x00000002   PAD
    0x08000f80   0x08000f80   0x0000013c   Code   RO          829    i.HAL_DCMI_MspInit  stm32h7xx_hal_msp.o
    0x080010bc   0x080010bc   0x00000002   Code   RO         1056    i.HAL_DCMI_VsyncEventCallback  stm32h7xx_hal_dcmi.o
    0x080010be   0x080010be   0x00000002   PAD
    0x080010c0   0x080010c0   0x000001dc   Code   RO         1920    i.HAL_DMAEx_MultiBufferStart  stm32h7xx_hal_dma_ex.o
    0x0800129c   0x0800129c   0x000001cc   Code   RO         1803    i.HAL_DMA_Abort_IT  stm32h7xx_hal_dma.o
    0x08001468   0x08001468   0x000001e8   Code   RO         1804    i.HAL_DMA_DeInit    stm32h7xx_hal_dma.o
    0x08001650   0x08001650   0x000006f0   Code   RO         1807    i.HAL_DMA_IRQHandler  stm32h7xx_hal_dma.o
    0x08001d40   0x08001d40   0x000002d4   Code   RO         1808    i.HAL_DMA_Init      stm32h7xx_hal_dma.o
    0x08002014   0x08002014   0x00000170   Code   RO         1811    i.HAL_DMA_Start     stm32h7xx_hal_dma.o
    0x08002184   0x08002184   0x00000024   Code   RO         2511    i.HAL_Delay         stm32h7xx_hal.o
    0x080021a8   0x080021a8   0x000000e8   Code   RO          830    i.HAL_FMC_MspInit   stm32h7xx_hal_msp.o
    0x08002290   0x08002290   0x000001fc   Code   RO         1650    i.HAL_GPIO_Init     stm32h7xx_hal_gpio.o
    0x0800248c   0x0800248c   0x0000000a   Code   RO         1652    i.HAL_GPIO_ReadPin  stm32h7xx_hal_gpio.o
    0x08002496   0x08002496   0x0000000a   Code   RO         1654    i.HAL_GPIO_WritePin  stm32h7xx_hal_gpio.o
    0x080024a0   0x080024a0   0x0000000c   Code   RO         2526    i.HAL_GetREVID      stm32h7xx_hal.o
    0x080024ac   0x080024ac   0x0000000c   Code   RO         2527    i.HAL_GetTick       stm32h7xx_hal.o
    0x080024b8   0x080024b8   0x00000010   Code   RO         2533    i.HAL_IncTick       stm32h7xx_hal.o
    0x080024c8   0x080024c8   0x00000058   Code   RO         2534    i.HAL_Init          stm32h7xx_hal.o
    0x08002520   0x08002520   0x00000040   Code   RO         2535    i.HAL_InitTick      stm32h7xx_hal.o
    0x08002560   0x08002560   0x0000005c   Code   RO          897    i.HAL_MPU_ConfigRegion  stm32h7xx_hal_cortex.o
    0x080025bc   0x080025bc   0x0000001c   Code   RO          898    i.HAL_MPU_Disable   stm32h7xx_hal_cortex.o
    0x080025d8   0x080025d8   0x00000024   Code   RO          899    i.HAL_MPU_Enable    stm32h7xx_hal_cortex.o
    0x080025fc   0x080025fc   0x0000001c   Code   RO          831    i.HAL_MspInit       stm32h7xx_hal_msp.o
    0x08002618   0x08002618   0x0000001a   Code   RO          902    i.HAL_NVIC_EnableIRQ  stm32h7xx_hal_cortex.o
    0x08002632   0x08002632   0x00000002   PAD
    0x08002634   0x08002634   0x00000040   Code   RO          908    i.HAL_NVIC_SetPriority  stm32h7xx_hal_cortex.o
    0x08002674   0x08002674   0x00000024   Code   RO          909    i.HAL_NVIC_SetPriorityGrouping  stm32h7xx_hal_cortex.o
    0x08002698   0x08002698   0x00000050   Code   RO         2251    i.HAL_PWREx_ConfigSupply  stm32h7xx_hal_pwr_ex.o
    0x080026e8   0x080026e8   0x0000002c   Code   RO         1287    i.HAL_RCCEx_GetD1SysClockFreq  stm32h7xx_hal_rcc_ex.o
    0x08002714   0x08002714   0x00000024   Code   RO         1288    i.HAL_RCCEx_GetD3PCLK1Freq  stm32h7xx_hal_rcc_ex.o
    0x08002738   0x08002738   0x00000144   Code   RO         1290    i.HAL_RCCEx_GetPLL2ClockFreq  stm32h7xx_hal_rcc_ex.o
    0x0800287c   0x0800287c   0x00000144   Code   RO         1291    i.HAL_RCCEx_GetPLL3ClockFreq  stm32h7xx_hal_rcc_ex.o
    0x080029c0   0x080029c0   0x000008b6   Code   RO         1295    i.HAL_RCCEx_PeriphCLKConfig  stm32h7xx_hal_rcc_ex.o
    0x08003276   0x08003276   0x00000002   PAD
    0x08003278   0x08003278   0x00000244   Code   RO         1174    i.HAL_RCC_ClockConfig  stm32h7xx_hal_rcc.o
    0x080034bc   0x080034bc   0x0000002c   Code   RO         1179    i.HAL_RCC_GetHCLKFreq  stm32h7xx_hal_rcc.o
    0x080034e8   0x080034e8   0x00000024   Code   RO         1181    i.HAL_RCC_GetPCLK1Freq  stm32h7xx_hal_rcc.o
    0x0800350c   0x0800350c   0x00000024   Code   RO         1182    i.HAL_RCC_GetPCLK2Freq  stm32h7xx_hal_rcc.o
    0x08003530   0x08003530   0x00000138   Code   RO         1183    i.HAL_RCC_GetSysClockFreq  stm32h7xx_hal_rcc.o
    0x08003668   0x08003668   0x000004b6   Code   RO         1186    i.HAL_RCC_OscConfig  stm32h7xx_hal_rcc.o
    0x08003b1e   0x08003b1e   0x00000002   PAD
    0x08003b20   0x08003b20   0x0000006c   Code   RO         3577    i.HAL_SRAM_Init     stm32h7xx_hal_sram.o
    0x08003b8c   0x08003b8c   0x00000004   Code   RO          833    i.HAL_SRAM_MspInit  stm32h7xx_hal_msp.o
    0x08003b90   0x08003b90   0x00000018   Code   RO          911    i.HAL_SYSTICK_CLKSourceConfig  stm32h7xx_hal_cortex.o
    0x08003ba8   0x08003ba8   0x00000026   Code   RO          913    i.HAL_SYSTICK_Config  stm32h7xx_hal_cortex.o
    0x08003bce   0x08003bce   0x00000040   Code   RO         4140    i.HAL_UARTEx_DisableFifoMode  stm32h7xx_hal_uart_ex.o
    0x08003c0e   0x08003c0e   0x0000004c   Code   RO         4145    i.HAL_UARTEx_SetRxFifoThreshold  stm32h7xx_hal_uart_ex.o
    0x08003c5a   0x08003c5a   0x0000004c   Code   RO         4146    i.HAL_UARTEx_SetTxFifoThreshold  stm32h7xx_hal_uart_ex.o
    0x08003ca6   0x08003ca6   0x0000006a   Code   RO         3772    i.HAL_UART_Init     stm32h7xx_hal_uart.o
    0x08003d10   0x08003d10   0x00000068   Code   RO          835    i.HAL_UART_MspInit  stm32h7xx_hal_msp.o
    0x08003d78   0x08003d78   0x00000002   Code   RO          749    i.HardFault_Handler  stm32h7xx_it.o
    0x08003d7a   0x08003d7a   0x00000002   PAD
    0x08003d7c   0x08003d7c   0x00000034   Code   RO           14    i.LCD_Clear         lcd.o
    0x08003db0   0x08003db0   0x000000e4   Code   RO           18    i.LCD_Display_Dir   lcd.o
    0x08003e94   0x08003e94   0x000000e0   Code   RO           23    i.LCD_Fast_DrawPoint  lcd.o
    0x08003f74   0x08003f74   0x00000046   Code   RO           24    i.LCD_Fill          lcd.o
    0x08003fba   0x08003fba   0x00000002   PAD
    0x08003fbc   0x08003fbc   0x00002320   Code   RO           25    i.LCD_Init          lcd.o
    0x080062dc   0x080062dc   0x0000004a   Code   RO           26    i.LCD_MPU_Config    lcd.o
    0x08006326   0x08006326   0x00000014   Code   RO           28    i.LCD_RD_DATA       lcd.o
    0x0800633a   0x0800633a   0x00000002   PAD
    0x0800633c   0x0800633c   0x00000054   Code   RO           31    i.LCD_SSD_BackLightSet  lcd.o
    0x08006390   0x08006390   0x000001b8   Code   RO           32    i.LCD_Scan_Dir      lcd.o
    0x08006548   0x08006548   0x00000104   Code   RO           33    i.LCD_SetCursor     lcd.o
    0x0800664c   0x0800664c   0x00000188   Code   RO           34    i.LCD_Set_Window    lcd.o
    0x080067d4   0x080067d4   0x000000e4   Code   RO           35    i.LCD_ShowChar      lcd.o
    0x080068b8   0x080068b8   0x00000054   Code   RO           37    i.LCD_ShowString    lcd.o
    0x0800690c   0x0800690c   0x00000018   Code   RO           39    i.LCD_WR_DATA       lcd.o
    0x08006924   0x08006924   0x00000018   Code   RO           40    i.LCD_WR_REG        lcd.o
    0x0800693c   0x0800693c   0x0000000a   Code   RO           41    i.LCD_WriteRAM      lcd.o
    0x08006946   0x08006946   0x00000002   PAD
    0x08006948   0x08006948   0x00000014   Code   RO           42    i.LCD_WriteRAM_Prepare  lcd.o
    0x0800695c   0x0800695c   0x0000000e   Code   RO           43    i.LCD_WriteReg      lcd.o
    0x0800696a   0x0800696a   0x00000002   PAD
    0x0800696c   0x0800696c   0x000000b4   Code   RO          665    i.MX_FMC_Init       main.o
    0x08006a20   0x08006a20   0x00000100   Code   RO          666    i.MX_GPIO_Init      main.o
    0x08006b20   0x08006b20   0x0000004c   Code   RO          667    i.MX_USART1_UART_Init  main.o
    0x08006b6c   0x08006b6c   0x00000002   Code   RO          750    i.MemManage_Handler  stm32h7xx_it.o
    0x08006b6e   0x08006b6e   0x00000002   Code   RO          751    i.NMI_Handler       stm32h7xx_it.o
    0x08006b70   0x08006b70   0x000000cc   Code   RO          399    i.OV2640_Init       ov2640.o
    0x08006c3c   0x08006c3c   0x00000054   Code   RO          402    i.OV2640_OutSize_Set  ov2640.o
    0x08006c90   0x08006c90   0x00000024   Code   RO          403    i.OV2640_RGB565_Mode  ov2640.o
    0x08006cb4   0x08006cb4   0x00000002   Code   RO          752    i.PendSV_Handler    stm32h7xx_it.o
    0x08006cb6   0x08006cb6   0x00000002   PAD
    0x08006cb8   0x08006cb8   0x00000120   Code   RO         1298    i.RCCEx_PLL2_Config  stm32h7xx_hal_rcc_ex.o
    0x08006dd8   0x08006dd8   0x00000120   Code   RO         1299    i.RCCEx_PLL3_Config  stm32h7xx_hal_rcc_ex.o
    0x08006ef8   0x08006ef8   0x00000038   Code   RO          508    i.SCCB_Init         sccb.o
    0x08006f30   0x08006f30   0x0000004c   Code   RO          509    i.SCCB_No_Ack       sccb.o
    0x08006f7c   0x08006f7c   0x00000068   Code   RO          510    i.SCCB_RD_Byte      sccb.o
    0x08006fe4   0x08006fe4   0x0000004c   Code   RO          511    i.SCCB_RD_Reg       sccb.o
    0x08007030   0x08007030   0x00000040   Code   RO          512    i.SCCB_Start        sccb.o
    0x08007070   0x08007070   0x0000003c   Code   RO          513    i.SCCB_Stop         sccb.o
    0x080070ac   0x080070ac   0x0000009c   Code   RO          514    i.SCCB_WR_Byte      sccb.o
    0x08007148   0x08007148   0x0000003e   Code   RO          515    i.SCCB_WR_Reg       sccb.o
    0x08007186   0x08007186   0x00000002   Code   RO          753    i.SVC_Handler       stm32h7xx_it.o
    0x08007188   0x08007188   0x00000004   Code   RO          754    i.SysTick_Handler   stm32h7xx_it.o
    0x0800718c   0x0800718c   0x000000b0   Code   RO          668    i.SystemClock_Config  main.o
    0x0800723c   0x0800723c   0x0000009c   Code   RO         4234    i.SystemInit        system_stm32h7xx.o
    0x080072d8   0x080072d8   0x00000064   Code   RO         4150    i.UARTEx_SetNbDataToProcess  stm32h7xx_hal_uart_ex.o
    0x0800733c   0x0800733c   0x000000c8   Code   RO         3786    i.UART_AdvFeatureConfig  stm32h7xx_hal_uart.o
    0x08007404   0x08007404   0x0000005e   Code   RO         3787    i.UART_CheckIdleState  stm32h7xx_hal_uart.o
    0x08007462   0x08007462   0x00000002   PAD
    0x08007464   0x08007464   0x00000c10   Code   RO         3804    i.UART_SetConfig    stm32h7xx_hal_uart.o
    0x08008074   0x08008074   0x000000a4   Code   RO         3809    i.UART_WaitOnFlagUntilTimeout  stm32h7xx_hal_uart.o
    0x08008118   0x08008118   0x00000002   Code   RO          755    i.UsageFault_Handler  stm32h7xx_it.o
    0x0800811a   0x0800811a   0x00000022   Code   RO          915    i.__NVIC_SetPriority  stm32h7xx_hal_cortex.o
    0x0800813c   0x0800813c   0x00000014   Code   RO          354    i.delay_init        delay.o
    0x08008150   0x08008150   0x0000001a   Code   RO          355    i.delay_ms          delay.o
    0x0800816a   0x0800816a   0x00000002   PAD
    0x0800816c   0x0800816c   0x00000034   Code   RO          356    i.delay_us          delay.o
    0x080081a0   0x080081a0   0x0000011c   Code   RO          670    i.main              main.o
    0x080082bc   0x080082bc   0x00000090   Code   RO          671    i.rgb565_test       main.o
    0x0800834c   0x0800834c   0x0000000a   Code   RO         4384    x$fpl$fpinit        fz_wv.l(fpinit.o)
    0x08008356   0x08008356   0x00004740   Data   RO           46    .constdata          lcd.o
    0x0800ca96   0x0800ca96   0x000001c4   Data   RO          407    .constdata          ov2640.o
    0x0800cc5a   0x0800cc5a   0x00000008   Data   RO         1814    .constdata          stm32h7xx_hal_dma.o
    0x0800cc62   0x0800cc62   0x00000010   Data   RO         4235    .constdata          system_stm32h7xx.o
    0x0800cc72   0x0800cc72   0x00000002   PAD
    0x0800cc74   0x0800cc74   0x00000020   Data   RO         4440    Region$$Table       anon$$obj.o


    Execution Region RW_IRAM1 (Exec base: 0x20000000, Load base: 0x0800cc94, Size: 0x00000890, Max: 0x00020000, ABSOLUTE)

    Exec Addr    Load Addr    Size         Type   Attr      Idx    E Section Name        Object

    0x20000000   0x0800cc94   0x00000008   Data   RW           47    .data               lcd.o
    0x20000008   0x0800cc9c   0x00000004   Data   RW          357    .data               delay.o
    0x2000000c   0x0800cca0   0x00000008   Data   RW          588    .data               dcmi.o
    0x20000014   0x0800cca8   0x00000008   Data   RW          836    .data               stm32h7xx_hal_msp.o
    0x2000001c   0x0800ccb0   0x0000000c   Data   RW         2556    .data               stm32h7xx_hal.o
    0x20000028   0x0800ccbc   0x00000008   Data   RW         4236    .data               system_stm32h7xx.o
    0x20000030        -       0x0000000e   Zero   RW           45    .bss                lcd.o
    0x2000003e   0x0800ccc4   0x00000002   PAD
    0x20000040        -       0x00000050   Zero   RW          675    .bss                main.o
    0x20000090        -       0x00000078   Zero   RW          676    .bss                main.o
    0x20000108        -       0x00000124   Zero   RW          677    .bss                main.o
    0x2000022c        -       0x00000060   Zero   RW         4314    .bss                c_w.l(libspace.o)
    0x2000028c   0x0800ccc4   0x00000004   PAD
    0x20000290        -       0x00000200   Zero   RW            2    HEAP                startup_stm32h743xx.o
    0x20000490        -       0x00000400   Zero   RW            1    STACK               startup_stm32h743xx.o



  Load Region LR$$.ARM.__AT_0x68A00000 (Base: 0x68a00000, Size: 0x00000000, Max: 0x00025800, ABSOLUTE)

    Execution Region ER$$.ARM.__AT_0x68A00000 (Exec base: 0x68a00000, Load base: 0x68a00000, Size: 0x00025800, Max: 0x00025800, ABSOLUTE, UNINIT)

    Exec Addr    Load Addr    Size         Type   Attr      Idx    E Section Name        Object

    0x68a00000        -       0x00025800   Zero   RW          672    .ARM.__AT_0x68A00000  main.o



  Load Region LR$$.ARM.__AT_0x68B00000 (Base: 0x68b00000, Size: 0x00000000, Max: 0x00012c00, ABSOLUTE)

    Execution Region ER$$.ARM.__AT_0x68B00000 (Exec base: 0x68b00000, Load base: 0x68b00000, Size: 0x00012c00, Max: 0x00012c00, ABSOLUTE, UNINIT)

    Exec Addr    Load Addr    Size         Type   Attr      Idx    E Section Name        Object

    0x68b00000        -       0x00012c00   Zero   RW          673    .ARM.__AT_0x68B00000  main.o



  Load Region LR$$.ARM.__AT_0x68C00000 (Base: 0x68c00000, Size: 0x00000000, Max: 0x00012c00, ABSOLUTE)

    Execution Region ER$$.ARM.__AT_0x68C00000 (Exec base: 0x68c00000, Load base: 0x68c00000, Size: 0x00012c00, Max: 0x00012c00, ABSOLUTE, UNINIT)

    Exec Addr    Load Addr    Size         Type   Attr      Idx    E Section Name        Object

    0x68c00000        -       0x00012c00   Zero   RW          674    .ARM.__AT_0x68C00000  main.o


==============================================================================

Image component sizes


      Code (inc. data)   RO Data    RW Data    ZI Data      Debug   Object Name

       992        100          0          8          0       5327   dcmi.o
        98          8          0          4          0       2311   delay.o
     11240        104      18240          8         14    1288733   lcd.o
      1118        170          0          0     307692       6037   main.o
       324         18        452          0          0       4040   ov2640.o
       654         30          0          0          0       6370   sccb.o
        64         26        664          0       1536        924   startup_stm32h743xx.o
       228         42          0         12          0      23708   stm32h7xx_hal.o
       378         28          0          0          0      42799   stm32h7xx_hal_cortex.o
       334         10          0          0          0       4866   stm32h7xx_hal_dcmi.o
      4644        238          8          0          0      11888   stm32h7xx_hal_dma.o
       636         34          0          0          0       2625   stm32h7xx_hal_dma_ex.o
       528         50          0          0          0       3607   stm32h7xx_hal_gpio.o
       684         74          0          8          0       4643   stm32h7xx_hal_msp.o
        80          4          0          0          0        897   stm32h7xx_hal_pwr_ex.o
      2214         98          0          0          0       7368   stm32h7xx_hal_rcc.o
      3534        126          0          0          0       9127   stm32h7xx_hal_rcc_ex.o
       108          6          0          0          0       1416   stm32h7xx_hal_sram.o
      3652        116          0          0          0       7857   stm32h7xx_hal_uart.o
       316         18          0          0          0       4145   stm32h7xx_hal_uart_ex.o
        32          6          0          0          0       5484   stm32h7xx_it.o
       308         14          0          0          0       4072   stm32h7xx_ll_fmc.o
       156         22         16          8          0       1642   system_stm32h7xx.o

    ----------------------------------------------------------------------
     32350       1342      19414         48     309244    1449886   Object Totals
         0          0         32          0          0          0   (incl. Generated)
        28          0          2          0          2          0   (incl. Padding)

    ----------------------------------------------------------------------

      Code (inc. data)   RO Data    RW Data    ZI Data      Debug   Library Member Name

         8          0          0          0          0         68   __main.o
         0          0          0          0          0          0   __rtentry.o
        12          0          0          0          0          0   __rtentry2.o
         6          0          0          0          0          0   __rtentry4.o
        52          8          0          0          0          0   __scatter.o
        26          0          0          0          0          0   __scatter_copy.o
        28          0          0          0          0          0   __scatter_zi.o
        18          0          0          0          0         80   exit.o
         6          0          0          0          0        152   heapauxi.o
         0          0          0          0          0          0   indicate_semi.o
         2          0          0          0          0          0   libinit.o
         6          0          0          0          0          0   libinit2.o
         2          0          0          0          0          0   libshutdown.o
         2          0          0          0          0          0   libshutdown2.o
         8          4          0          0         96         68   libspace.o
       238          0          0          0          0        100   lludivv7m.o
        78          0          0          0          0         80   rt_memclr_w.o
         2          0          0          0          0          0   rtexit.o
        10          0          0          0          0          0   rtexit2.o
        12          4          0          0          0         68   sys_exit.o
        74          0          0          0          0         80   sys_stackheap_outer.o
         2          0          0          0          0         68   use_no_semi.o
        10          0          0          0          0        116   fpinit.o

    ----------------------------------------------------------------------
       608         16          0          0        100        880   Library Totals
         6          0          0          0          4          0   (incl. Padding)

    ----------------------------------------------------------------------

      Code (inc. data)   RO Data    RW Data    ZI Data      Debug   Library Name

       592         16          0          0         96        764   c_w.l
        10          0          0          0          0        116   fz_wv.l

    ----------------------------------------------------------------------
       608         16          0          0        100        880   Library Totals

    ----------------------------------------------------------------------

==============================================================================


      Code (inc. data)   RO Data    RW Data    ZI Data      Debug   

     32958       1358      19414         48     309344    1439206   Grand Totals
     32958       1358      19414         48     309344    1439206   ELF Image Totals
     32958       1358      19414         48          0          0   ROM Totals

==============================================================================

    Total RO  Size (Code + RO Data)                52372 (  51.14kB)
    Total RW  Size (RW Data + ZI Data)            309392 ( 302.14kB)
    Total ROM Size (Code + RO Data + RW Data)      52420 (  51.19kB)

==============================================================================

